Archive member included to satisfy reference by file (symbol)

c:/program files (x86)/atollic/truestudio for stm32 9.3.0/armtools/bin/../lib/gcc/arm-atollic-eabi/6.3.1/../../../../arm-atollic-eabi/lib/armv7e-m/fpu\libc_nano.a(lib_a-init.o)
                              startup\startup_stm32f407xx.o (__libc_init_array)
c:/program files (x86)/atollic/truestudio for stm32 9.3.0/armtools/bin/../lib/gcc/arm-atollic-eabi/6.3.1/../../../../arm-atollic-eabi/lib/armv7e-m/fpu\libc_nano.a(lib_a-memcmp.o)
                              Middlewares\Third_Party\LwIP\src\netif\ethernet.o (memcmp)
c:/program files (x86)/atollic/truestudio for stm32 9.3.0/armtools/bin/../lib/gcc/arm-atollic-eabi/6.3.1/../../../../arm-atollic-eabi/lib/armv7e-m/fpu\libc_nano.a(lib_a-memcpy-stub.o)
                              Middlewares\Third_Party\FreeRTOS\Source\queue.o (memcpy)
c:/program files (x86)/atollic/truestudio for stm32 9.3.0/armtools/bin/../lib/gcc/arm-atollic-eabi/6.3.1/../../../../arm-atollic-eabi/lib/armv7e-m/fpu\libc_nano.a(lib_a-memset.o)
                              Middlewares\Third_Party\FreeRTOS\Source\stream_buffer.o (memset)
c:/program files (x86)/atollic/truestudio for stm32 9.3.0/armtools/bin/../lib/gcc/arm-atollic-eabi/6.3.1/../../../../arm-atollic-eabi/lib/armv7e-m/fpu\libc_nano.a(lib_a-printf.o)
                              Middlewares\Third_Party\LwIP\src\api\api_lib.o (printf)
c:/program files (x86)/atollic/truestudio for stm32 9.3.0/armtools/bin/../lib/gcc/arm-atollic-eabi/6.3.1/../../../../arm-atollic-eabi/lib/armv7e-m/fpu\libc_nano.a(lib_a-strchr.o)
                              Middlewares\Third_Party\LwIP\src\apps\http\httpd.o (strchr)
c:/program files (x86)/atollic/truestudio for stm32 9.3.0/armtools/bin/../lib/gcc/arm-atollic-eabi/6.3.1/../../../../arm-atollic-eabi/lib/armv7e-m/fpu\libc_nano.a(lib_a-strcmp.o)
                              Middlewares\Third_Party\LwIP\src\apps\http\fs.o (strcmp)
c:/program files (x86)/atollic/truestudio for stm32 9.3.0/armtools/bin/../lib/gcc/arm-atollic-eabi/6.3.1/../../../../arm-atollic-eabi/lib/armv7e-m/fpu\libc_nano.a(lib_a-strlen.o)
                              Middlewares\Third_Party\LwIP\src\apps\http\httpd.o (strlen)
c:/program files (x86)/atollic/truestudio for stm32 9.3.0/armtools/bin/../lib/gcc/arm-atollic-eabi/6.3.1/../../../../arm-atollic-eabi/lib/armv7e-m/fpu\libc_nano.a(lib_a-strncmp.o)
                              Middlewares\Third_Party\LwIP\src\apps\http\httpd.o (strncmp)
c:/program files (x86)/atollic/truestudio for stm32 9.3.0/armtools/bin/../lib/gcc/arm-atollic-eabi/6.3.1/../../../../arm-atollic-eabi/lib/armv7e-m/fpu\libc_nano.a(lib_a-findfp.o)
                              c:/program files (x86)/atollic/truestudio for stm32 9.3.0/armtools/bin/../lib/gcc/arm-atollic-eabi/6.3.1/../../../../arm-atollic-eabi/lib/armv7e-m/fpu\libc_nano.a(lib_a-printf.o) (__sinit)
c:/program files (x86)/atollic/truestudio for stm32 9.3.0/armtools/bin/../lib/gcc/arm-atollic-eabi/6.3.1/../../../../arm-atollic-eabi/lib/armv7e-m/fpu\libc_nano.a(lib_a-fwalk.o)
                              c:/program files (x86)/atollic/truestudio for stm32 9.3.0/armtools/bin/../lib/gcc/arm-atollic-eabi/6.3.1/../../../../arm-atollic-eabi/lib/armv7e-m/fpu\libc_nano.a(lib_a-findfp.o) (_fwalk)
c:/program files (x86)/atollic/truestudio for stm32 9.3.0/armtools/bin/../lib/gcc/arm-atollic-eabi/6.3.1/../../../../arm-atollic-eabi/lib/armv7e-m/fpu\libc_nano.a(lib_a-impure.o)
                              c:/program files (x86)/atollic/truestudio for stm32 9.3.0/armtools/bin/../lib/gcc/arm-atollic-eabi/6.3.1/../../../../arm-atollic-eabi/lib/armv7e-m/fpu\libc_nano.a(lib_a-findfp.o) (_global_impure_ptr)
c:/program files (x86)/atollic/truestudio for stm32 9.3.0/armtools/bin/../lib/gcc/arm-atollic-eabi/6.3.1/../../../../arm-atollic-eabi/lib/armv7e-m/fpu\libc_nano.a(lib_a-nano-mallocr.o)
                              c:/program files (x86)/atollic/truestudio for stm32 9.3.0/armtools/bin/../lib/gcc/arm-atollic-eabi/6.3.1/../../../../arm-atollic-eabi/lib/armv7e-m/fpu\libc_nano.a(lib_a-findfp.o) (_malloc_r)
c:/program files (x86)/atollic/truestudio for stm32 9.3.0/armtools/bin/../lib/gcc/arm-atollic-eabi/6.3.1/../../../../arm-atollic-eabi/lib/armv7e-m/fpu\libc_nano.a(lib_a-nano-vfprintf.o)
                              c:/program files (x86)/atollic/truestudio for stm32 9.3.0/armtools/bin/../lib/gcc/arm-atollic-eabi/6.3.1/../../../../arm-atollic-eabi/lib/armv7e-m/fpu\libc_nano.a(lib_a-printf.o) (_vfprintf_r)
c:/program files (x86)/atollic/truestudio for stm32 9.3.0/armtools/bin/../lib/gcc/arm-atollic-eabi/6.3.1/../../../../arm-atollic-eabi/lib/armv7e-m/fpu\libc_nano.a(lib_a-nano-vfprintf_i.o)
                              c:/program files (x86)/atollic/truestudio for stm32 9.3.0/armtools/bin/../lib/gcc/arm-atollic-eabi/6.3.1/../../../../arm-atollic-eabi/lib/armv7e-m/fpu\libc_nano.a(lib_a-nano-vfprintf.o) (_printf_i)
[...]
Memory Configuration

Name             Origin             Length             Attributes
FLASH            0x08000000         0x00100000         xr
RAM              0x20000000         0x00020000         xrw
MEMORY_B1        0x60000000         0x00000000         xr
CCMRAM           0x10000000         0x00010000         rw
*default*        0x00000000         0xffffffff

Linker script and memory map

LOAD c:/program files (x86)/atollic/truestudio for stm32 9.3.0/armtools/bin/../lib/gcc/arm-atollic-eabi/6.3.1/armv7e-m/fpu/crti.o
LOAD c:/program files (x86)/atollic/truestudio for stm32 9.3.0/armtools/bin/../lib/gcc/arm-atollic-eabi/6.3.1/armv7e-m/fpu/crtbegin.o
LOAD Drivers\STM32F4xx_HAL_Driver\Src\stm32f4xx_hal.o
LOAD Drivers\STM32F4xx_HAL_Driver\Src\stm32f4xx_hal_cortex.o
LOAD Drivers\STM32F4xx_HAL_Driver\Src\stm32f4xx_hal_dma.o
LOAD Drivers\STM32F4xx_HAL_Driver\Src\stm32f4xx_hal_dma_ex.o
LOAD Drivers\STM32F4xx_HAL_Driver\Src\stm32f4xx_hal_eth.o
LOAD Drivers\STM32F4xx_HAL_Driver\Src\stm32f4xx_hal_exti.o
LOAD Drivers\STM32F4xx_HAL_Driver\Src\stm32f4xx_hal_flash.o
LOAD Drivers\STM32F4xx_HAL_Driver\Src\stm32f4xx_hal_flash_ex.o
LOAD Drivers\STM32F4xx_HAL_Driver\Src\stm32f4xx_hal_flash_ramfunc.o
LOAD Drivers\STM32F4xx_HAL_Driver\Src\stm32f4xx_hal_gpio.o
LOAD Drivers\STM32F4xx_HAL_Driver\Src\stm32f4xx_hal_pwr.o
LOAD Drivers\STM32F4xx_HAL_Driver\Src\stm32f4xx_hal_pwr_ex.o
LOAD Drivers\STM32F4xx_HAL_Driver\Src\stm32f4xx_hal_rcc.o
LOAD Drivers\STM32F4xx_HAL_Driver\Src\stm32f4xx_hal_rcc_ex.o
LOAD Drivers\STM32F4xx_HAL_Driver\Src\stm32f4xx_hal_tim.o
LOAD Drivers\STM32F4xx_HAL_Driver\Src\stm32f4xx_hal_tim_ex.o
LOAD Middlewares\Third_Party\FreeRTOS\Source\CMSIS_RTOS\cmsis_os.o
LOAD Middlewares\Third_Party\FreeRTOS\Source\croutine.o
LOAD Middlewares\Third_Party\FreeRTOS\Source\event_groups.o
LOAD Middlewares\Third_Party\FreeRTOS\Source\list.o
LOAD Middlewares\Third_Party\FreeRTOS\Source\portable\GCC\ARM_CM4F\port.o
LOAD Middlewares\Third_Party\FreeRTOS\Source\portable\MemMang\heap_4.o
LOAD Middlewares\Third_Party\FreeRTOS\Source\queue.o
LOAD Middlewares\Third_Party\FreeRTOS\Source\stream_buffer.o
LOAD Middlewares\Third_Party\FreeRTOS\Source\tasks.o
LOAD Middlewares\Third_Party\FreeRTOS\Source\timers.o
LOAD Middlewares\Third_Party\LwIP\src\api\api_lib.o
LOAD Middlewares\Third_Party\LwIP\src\api\api_msg.o
LOAD Middlewares\Third_Party\LwIP\src\api\err.o
LOAD Middlewares\Third_Party\LwIP\src\api\netbuf.o
LOAD Middlewares\Third_Party\LwIP\src\api\netdb.o
LOAD Middlewares\Third_Party\LwIP\src\api\netifapi.o
LOAD Middlewares\Third_Party\LwIP\src\api\sockets.o
LOAD Middlewares\Third_Party\LwIP\src\api\tcpip.o
LOAD Middlewares\Third_Party\LwIP\src\apps\http\fs.o
LOAD Middlewares\Third_Party\LwIP\src\apps\http\httpd.o
LOAD Middlewares\Third_Party\LwIP\src\apps\mqtt\mqtt.o
LOAD Middlewares\Third_Party\LwIP\src\core\def.o
LOAD Middlewares\Third_Party\LwIP\src\core\dns.o
LOAD Middlewares\Third_Party\LwIP\src\core\inet_chksum.o
LOAD Middlewares\Third_Party\LwIP\src\core\init.o
LOAD Middlewares\Third_Party\LwIP\src\core\ip.o
LOAD Middlewares\Third_Party\LwIP\src\core\ipv4\autoip.o
LOAD Middlewares\Third_Party\LwIP\src\core\ipv4\dhcp.o
LOAD Middlewares\Third_Party\LwIP\src\core\ipv4\etharp.o
LOAD Middlewares\Third_Party\LwIP\src\core\ipv4\icmp.o
LOAD Middlewares\Third_Party\LwIP\src\core\ipv4\igmp.o
LOAD Middlewares\Third_Party\LwIP\src\core\ipv4\ip4.o
LOAD Middlewares\Third_Party\LwIP\src\core\ipv4\ip4_addr.o
LOAD Middlewares\Third_Party\LwIP\src\core\ipv4\ip4_frag.o
LOAD Middlewares\Third_Party\LwIP\src\core\ipv6\dhcp6.o
LOAD Middlewares\Third_Party\LwIP\src\core\ipv6\ethip6.o
LOAD Middlewares\Third_Party\LwIP\src\core\ipv6\icmp6.o
LOAD Middlewares\Third_Party\LwIP\src\core\ipv6\inet6.o
LOAD Middlewares\Third_Party\LwIP\src\core\ipv6\ip6.o
LOAD Middlewares\Third_Party\LwIP\src\core\ipv6\ip6_addr.o
LOAD Middlewares\Third_Party\LwIP\src\core\ipv6\ip6_frag.o
LOAD Middlewares\Third_Party\LwIP\src\core\ipv6\mld6.o
LOAD Middlewares\Third_Party\LwIP\src\core\ipv6\nd6.o
LOAD Middlewares\Third_Party\LwIP\src\core\mem.o
LOAD Middlewares\Third_Party\LwIP\src\core\memp.o
LOAD Middlewares\Third_Party\LwIP\src\core\netif.o
LOAD Middlewares\Third_Party\LwIP\src\core\pbuf.o
LOAD Middlewares\Third_Party\LwIP\src\core\raw.o
LOAD Middlewares\Third_Party\LwIP\src\core\stats.o
LOAD Middlewares\Third_Party\LwIP\src\core\sys.o
LOAD Middlewares\Third_Party\LwIP\src\core\tcp.o
LOAD Middlewares\Third_Party\LwIP\src\core\tcp_in.o
LOAD Middlewares\Third_Party\LwIP\src\core\tcp_out.o
LOAD Middlewares\Third_Party\LwIP\src\core\timeouts.o
LOAD Middlewares\Third_Party\LwIP\src\core\udp.o
LOAD Middlewares\Third_Party\LwIP\src\netif\ethernet.o
LOAD Middlewares\Third_Party\LwIP\src\netif\lowpan6.o
LOAD Middlewares\Third_Party\LwIP\src\netif\ppp\auth.o
LOAD Middlewares\Third_Party\LwIP\src\netif\ppp\ccp.o
LOAD Middlewares\Third_Party\LwIP\src\netif\ppp\chap-md5.o
LOAD Middlewares\Third_Party\LwIP\src\netif\ppp\chap-new.o
LOAD Middlewares\Third_Party\LwIP\src\netif\ppp\chap_ms.o
LOAD Middlewares\Third_Party\LwIP\src\netif\ppp\demand.o
LOAD Middlewares\Third_Party\LwIP\src\netif\ppp\eap.o
LOAD Middlewares\Third_Party\LwIP\src\netif\ppp\ecp.o
LOAD Middlewares\Third_Party\LwIP\src\netif\ppp\eui64.o
LOAD Middlewares\Third_Party\LwIP\src\netif\ppp\fsm.o
LOAD Middlewares\Third_Party\LwIP\src\netif\ppp\ipcp.o
LOAD Middlewares\Third_Party\LwIP\src\netif\ppp\ipv6cp.o
LOAD Middlewares\Third_Party\LwIP\src\netif\ppp\lcp.o
LOAD Middlewares\Third_Party\LwIP\src\netif\ppp\magic.o
LOAD Middlewares\Third_Party\LwIP\src\netif\ppp\mppe.o
LOAD Middlewares\Third_Party\LwIP\src\netif\ppp\multilink.o
LOAD Middlewares\Third_Party\LwIP\src\netif\ppp\ppp.o
LOAD Middlewares\Third_Party\LwIP\src\netif\ppp\pppapi.o
LOAD Middlewares\Third_Party\LwIP\src\netif\ppp\pppcrypt.o
LOAD Middlewares\Third_Party\LwIP\src\netif\ppp\pppoe.o
LOAD Middlewares\Third_Party\LwIP\src\netif\ppp\pppol2tp.o
LOAD Middlewares\Third_Party\LwIP\src\netif\ppp\pppos.o
LOAD Middlewares\Third_Party\LwIP\src\netif\ppp\upap.o
LOAD Middlewares\Third_Party\LwIP\src\netif\ppp\utils.o
LOAD Middlewares\Third_Party\LwIP\src\netif\ppp\vj.o
LOAD Middlewares\Third_Party\LwIP\src\netif\slipif.o
LOAD Middlewares\Third_Party\LwIP\system\OS\sys_arch.o
LOAD Src\ethernetif.o
LOAD Src\freertos.o
LOAD Src\lwip.o
LOAD Src\main.o
LOAD Src\stm32f4xx_hal_msp.o
LOAD Src\stm32f4xx_hal_timebase_tim.o
LOAD Src\stm32f4xx_it.o
LOAD Src\syscalls.o
LOAD Src\system_stm32f4xx.o
LOAD startup\startup_stm32f407xx.o
                0x00000080                malloc_getpagesize_P = 0x80
START GROUP
LOAD c:/program files (x86)/atollic/truestudio for stm32 9.3.0/armtools/bin/../lib/gcc/arm-atollic-eabi/6.3.1/../../../../arm-atollic-eabi/lib/armv7e-m/fpu\libc_nano.a
LOAD c:/program files (x86)/atollic/truestudio for stm32 9.3.0/armtools/bin/../lib/gcc/arm-atollic-eabi/6.3.1/../../../../arm-atollic-eabi/lib/armv7e-m/fpu\libm.a
END GROUP
START GROUP
LOAD c:/program files (x86)/atollic/truestudio for stm32 9.3.0/armtools/bin/../lib/gcc/arm-atollic-eabi/6.3.1/armv7e-m/fpu\libgcc.a
LOAD c:/program files (x86)/atollic/truestudio for stm32 9.3.0/armtools/bin/../lib/gcc/arm-atollic-eabi/6.3.1/../../../../arm-atollic-eabi/lib/armv7e-m/fpu\libc_nano.a
END GROUP
START GROUP
LOAD c:/program files (x86)/atollic/truestudio for stm32 9.3.0/armtools/bin/../lib/gcc/arm-atollic-eabi/6.3.1/armv7e-m/fpu\libgcc.a
LOAD c:/program files (x86)/atollic/truestudio for stm32 9.3.0/armtools/bin/../lib/gcc/arm-atollic-eabi/6.3.1/../../../../arm-atollic-eabi/lib/armv7e-m/fpu\libc_nano.a
LOAD c:/program files (x86)/atollic/truestudio for stm32 9.3.0/armtools/bin/../lib/gcc/arm-atollic-eabi/6.3.1/../../../../arm-atollic-eabi/lib/armv7e-m/fpu\libnosys.a
END GROUP
START GROUP
LOAD c:/program files (x86)/atollic/truestudio for stm32 9.3.0/armtools/bin/../lib/gcc/arm-atollic-eabi/6.3.1/armv7e-m/fpu\libgcc.a
LOAD c:/program files (x86)/atollic/truestudio for stm32 9.3.0/armtools/bin/../lib/gcc/arm-atollic-eabi/6.3.1/../../../../arm-atollic-eabi/lib/armv7e-m/fpu\libc_nano.a
LOAD c:/program files (x86)/atollic/truestudio for stm32 9.3.0/armtools/bin/../lib/gcc/arm-atollic-eabi/6.3.1/../../../../arm-atollic-eabi/lib/armv7e-m/fpu\libnosys.a
END GROUP
LOAD c:/program files (x86)/atollic/truestudio for stm32 9.3.0/armtools/bin/../lib/gcc/arm-atollic-eabi/6.3.1/armv7e-m/fpu/crtend.o
LOAD c:/program files (x86)/atollic/truestudio for stm32 9.3.0/armtools/bin/../lib/gcc/arm-atollic-eabi/6.3.1/armv7e-m/fpu/crtn.o
                0x20020000                _estack = 0x20020000
                0x00000000                _Min_Heap_Size = 0x0
                0x00000400                _Min_Stack_Size = 0x400

.isr_vector     0x08000000      0x188
                0x08000000                . = ALIGN (0x4)
 *(.isr_vector)
 .isr_vector    0x08000000      0x188 startup\startup_stm32f407xx.o
                0x08000000                g_pfnVectors
                0x08000188                . = ALIGN (0x4)

.text           0x08000190     0xaa70
                0x08000190                . = ALIGN (0x4)
 *(.text)
 .text          0x08000190       0x40 c:/program files (x86)/atollic/truestudio for stm32 9.3.0/armtools/bin/../lib/gcc/arm-atollic-eabi/6.3.1/armv7e-m/fpu/crtbegin.o
 .text          0x080001d0       0x14 c:/program files (x86)/atollic/truestudio for stm32 9.3.0/armtools/bin/../lib/gcc/arm-atollic-eabi/6.3.1/../../../../arm-atollic-eabi/lib/armv7e-m/fpu\libc_nano.a(lib_a-strcmp.o)
                0x080001d0                strcmp
 .text          0x080001e4       0x10 c:/program files (x86)/atollic/truestudio for stm32 9.3.0/armtools/bin/../lib/gcc/arm-atollic-eabi/6.3.1/../../../../arm-atollic-eabi/lib/armv7e-m/fpu\libc_nano.a(lib_a-strlen.o)
                0x080001e4                strlen
 *fill*         0x080001f4        0xc 
 .text          0x08000200       0xa0 c:/program files (x86)/atollic/truestudio for stm32 9.3.0/armtools/bin/../lib/gcc/arm-atollic-eabi/6.3.1/../../../../arm-atollic-eabi/lib/armv7e-m/fpu\libc_nano.a(lib_a-memchr.o)
                0x08000200                memchr
 .text          0x080002a0       0x30 c:/program files (x86)/atollic/truestudio for stm32 9.3.0/armtools/bin/../lib/gcc/arm-atollic-eabi/6.3.1/armv7e-m/fpu\libgcc.a(_aeabi_uldivmod.o)
                0x080002a0                __aeabi_uldivmod
 .text          0x080002d0      0x2dc c:/program files (x86)/atollic/truestudio for stm32 9.3.0/armtools/bin/../lib/gcc/arm-atollic-eabi/6.3.1/armv7e-m/fpu\libgcc.a(_udivmoddi4.o)
                0x080002d0                __udivmoddi4
 .text          0x080005ac        0x4 c:/program files (x86)/atollic/truestudio for stm32 9.3.0/armtools/bin/../lib/gcc/arm-atollic-eabi/6.3.1/armv7e-m/fpu\libgcc.a(_dvmd_tls.o)
                0x080005ac                __aeabi_idiv0
                0x080005ac                __aeabi_ldiv0
 *(.text*)
 .text.HAL_Init
                0x080005b0       0x34 Drivers\STM32F4xx_HAL_Driver\Src\stm32f4xx_hal.o
                0x080005b0                HAL_Init
 .text.HAL_IncTick
                0x080005e4       0x18 Drivers\STM32F4xx_HAL_Driver\Src\stm32f4xx_hal.o
                0x080005e4                HAL_IncTick
 .text.HAL_GetTick
                0x080005fc        0xc Drivers\STM32F4xx_HAL_Driver\Src\stm32f4xx_hal.o
                0x080005fc                HAL_GetTick
 .text.HAL_Delay
                0x08000608       0x28 Drivers\STM32F4xx_HAL_Driver\Src\stm32f4xx_hal.o
                0x08000608                HAL_Delay
 .text.HAL_NVIC_SetPriorityGrouping
                0x08000630       0x24 Drivers\STM32F4xx_HAL_Driver\Src\stm32f4xx_hal_cortex.o
                0x08000630                HAL_NVIC_SetPriorityGrouping
 .text.HAL_NVIC_SetPriority
                0x08000654       0x68 Drivers\STM32F4xx_HAL_Driver\Src\stm32f4xx_hal_cortex.o
                0x08000654                HAL_NVIC_SetPriority
 .text.HAL_NVIC_EnableIRQ
                0x080006bc       0x1c Drivers\STM32F4xx_HAL_Driver\Src\stm32f4xx_hal_cortex.o
                0x080006bc                HAL_NVIC_EnableIRQ
 .text.ETH_Delay.constprop.4
                0x080006d8       0x24 Drivers\STM32F4xx_HAL_Driver\Src\stm32f4xx_hal_eth.o
 .text.ETH_FlushTransmitFIFO
                0x080006fc       0x28 Drivers\STM32F4xx_HAL_Driver\Src\stm32f4xx_hal_eth.o
 .text.ETH_MACDMAConfig
                0x08000724       0xf8 Drivers\STM32F4xx_HAL_Driver\Src\stm32f4xx_hal_eth.o
 .text.HAL_ETH_DMATxDescListInit
                0x0800081c       0x7a Drivers\STM32F4xx_HAL_Driver\Src\stm32f4xx_hal_eth.o
                0x0800081c                HAL_ETH_DMATxDescListInit
 .text.HAL_ETH_DMARxDescListInit
                0x08000896       0x78 Drivers\STM32F4xx_HAL_Driver\Src\stm32f4xx_hal_eth.o
                0x08000896                HAL_ETH_DMARxDescListInit
 *fill*         0x0800090e        0x2 
 .text.HAL_ETH_TransmitFrame
                0x08000910       0xe8 Drivers\STM32F4xx_HAL_Driver\Src\stm32f4xx_hal_eth.o
                0x08000910                HAL_ETH_TransmitFrame
 .text.HAL_ETH_GetReceivedFrame_IT
                0x080009f8       0x8a Drivers\STM32F4xx_HAL_Driver\Src\stm32f4xx_hal_eth.o
                0x080009f8                HAL_ETH_GetReceivedFrame_IT
 .text.HAL_ETH_TxCpltCallback
                0x08000a82        0x2 Drivers\STM32F4xx_HAL_Driver\Src\stm32f4xx_hal_eth.o
                0x08000a82                HAL_ETH_TxCpltCallback
 .text.HAL_ETH_ErrorCallback
                0x08000a84        0x2 Drivers\STM32F4xx_HAL_Driver\Src\stm32f4xx_hal_eth.o
                0x08000a84                HAL_ETH_ErrorCallback
 .text.HAL_ETH_IRQHandler
                0x08000a86       0x70 Drivers\STM32F4xx_HAL_Driver\Src\stm32f4xx_hal_eth.o
                0x08000a86                HAL_ETH_IRQHandler
 .text.HAL_ETH_ReadPHYRegister
                0x08000af6       0x74 Drivers\STM32F4xx_HAL_Driver\Src\stm32f4xx_hal_eth.o
                0x08000af6                HAL_ETH_ReadPHYRegister
 .text.HAL_ETH_WritePHYRegister
                0x08000b6a       0x6e Drivers\STM32F4xx_HAL_Driver\Src\stm32f4xx_hal_eth.o
                0x08000b6a                HAL_ETH_WritePHYRegister
 .text.HAL_ETH_Init
                0x08000bd8      0x1f8 Drivers\STM32F4xx_HAL_Driver\Src\stm32f4xx_hal_eth.o
                0x08000bd8                HAL_ETH_Init
 .text.HAL_ETH_Start
                0x08000dd0       0x78 Drivers\STM32F4xx_HAL_Driver\Src\stm32f4xx_hal_eth.o
                0x08000dd0                HAL_ETH_Start
 .text.HAL_GPIO_Init
                0x08000e48      0x1c0 Drivers\STM32F4xx_HAL_Driver\Src\stm32f4xx_hal_gpio.o
                0x08000e48                HAL_GPIO_Init
 .text.HAL_GPIO_WritePin
                0x08001008        0xa Drivers\STM32F4xx_HAL_Driver\Src\stm32f4xx_hal_gpio.o
                0x08001008                HAL_GPIO_WritePin
 *fill*         0x08001012        0x2 
 .text.HAL_RCC_OscConfig
                0x08001014      0x34c Drivers\STM32F4xx_HAL_Driver\Src\stm32f4xx_hal_rcc.o
                0x08001014                HAL_RCC_OscConfig
 .text.HAL_RCC_GetSysClockFreq
                0x08001360       0x5c Drivers\STM32F4xx_HAL_Driver\Src\stm32f4xx_hal_rcc.o
                0x08001360                HAL_RCC_GetSysClockFreq
 .text.HAL_RCC_ClockConfig
                0x080013bc      0x138 Drivers\STM32F4xx_HAL_Driver\Src\stm32f4xx_hal_rcc.o
                0x080013bc                HAL_RCC_ClockConfig
 .text.HAL_RCC_GetHCLKFreq
                0x080014f4        0xc Drivers\STM32F4xx_HAL_Driver\Src\stm32f4xx_hal_rcc.o
                0x080014f4                HAL_RCC_GetHCLKFreq
 .text.HAL_RCC_GetPCLK1Freq
                0x08001500       0x20 Drivers\STM32F4xx_HAL_Driver\Src\stm32f4xx_hal_rcc.o
                0x08001500                HAL_RCC_GetPCLK1Freq
 .text.HAL_RCC_GetClockConfig
                0x08001520       0x3c Drivers\STM32F4xx_HAL_Driver\Src\stm32f4xx_hal_rcc.o
                0x08001520                HAL_RCC_GetClockConfig
 .text.HAL_TIM_Base_MspInit
                0x0800155c        0x2 Drivers\STM32F4xx_HAL_Driver\Src\stm32f4xx_hal_tim.o
                0x0800155c                HAL_TIM_Base_MspInit
 .text.HAL_TIM_Base_Start_IT
                0x0800155e       0x20 Drivers\STM32F4xx_HAL_Driver\Src\stm32f4xx_hal_tim.o
                0x0800155e                HAL_TIM_Base_Start_IT
 .text.HAL_TIM_OC_DelayElapsedCallback
                0x0800157e        0x2 Drivers\STM32F4xx_HAL_Driver\Src\stm32f4xx_hal_tim.o
                0x0800157e                HAL_TIM_OC_DelayElapsedCallback
 .text.HAL_TIM_IC_CaptureCallback
                0x08001580        0x2 Drivers\STM32F4xx_HAL_Driver\Src\stm32f4xx_hal_tim.o
                0x08001580                HAL_TIM_IC_CaptureCallback
 .text.HAL_TIM_PWM_PulseFinishedCallback
                0x08001582        0x2 Drivers\STM32F4xx_HAL_Driver\Src\stm32f4xx_hal_tim.o
                0x08001582                HAL_TIM_PWM_PulseFinishedCallback
 .text.HAL_TIM_TriggerCallback
                0x08001584        0x2 Drivers\STM32F4xx_HAL_Driver\Src\stm32f4xx_hal_tim.o
                0x08001584                HAL_TIM_TriggerCallback
 .text.HAL_TIM_IRQHandler
                0x08001586      0x144 Drivers\STM32F4xx_HAL_Driver\Src\stm32f4xx_hal_tim.o
                0x08001586                HAL_TIM_IRQHandler
 *fill*         0x080016ca        0x2 
 .text.TIM_Base_SetConfig
                0x080016cc       0xcc Drivers\STM32F4xx_HAL_Driver\Src\stm32f4xx_hal_tim.o
                0x080016cc                TIM_Base_SetConfig
 .text.HAL_TIM_Base_Init
                0x08001798       0x34 Drivers\STM32F4xx_HAL_Driver\Src\stm32f4xx_hal_tim.o
                0x08001798                HAL_TIM_Base_Init
 .text.HAL_TIMEx_CommutCallback
                0x080017cc        0x2 Drivers\STM32F4xx_HAL_Driver\Src\stm32f4xx_hal_tim_ex.o
                0x080017cc                HAL_TIMEx_CommutCallback
 .text.HAL_TIMEx_BreakCallback
                0x080017ce        0x2 Drivers\STM32F4xx_HAL_Driver\Src\stm32f4xx_hal_tim_ex.o
                0x080017ce                HAL_TIMEx_BreakCallback
 .text.osKernelStart
                0x080017d0        0xa Middlewares\Third_Party\FreeRTOS\Source\CMSIS_RTOS\cmsis_os.o
                0x080017d0                osKernelStart
 .text.osKernelSysTick
                0x080017da        0xe Middlewares\Third_Party\FreeRTOS\Source\CMSIS_RTOS\cmsis_os.o
                0x080017da                osKernelSysTick
 .text.osThreadCreate
                0x080017e8       0x50 Middlewares\Third_Party\FreeRTOS\Source\CMSIS_RTOS\cmsis_os.o
                0x080017e8                osThreadCreate
 .text.osDelay  0x08001838       0x10 Middlewares\Third_Party\FreeRTOS\Source\CMSIS_RTOS\cmsis_os.o
                0x08001838                osDelay
 .text.osMutexCreate
                0x08001848        0xe Middlewares\Third_Party\FreeRTOS\Source\CMSIS_RTOS\cmsis_os.o
                0x08001848                osMutexCreate
 *fill*         0x08001856        0x2 
 .text.osMutexWait
                0x08001858       0x4c Middlewares\Third_Party\FreeRTOS\Source\CMSIS_RTOS\cmsis_os.o
                0x08001858                osMutexWait
 .text.osSemaphoreCreate
                0x080018a4       0x4c Middlewares\Third_Party\FreeRTOS\Source\CMSIS_RTOS\cmsis_os.o
                0x080018a4                osSemaphoreCreate
 .text.osSemaphoreWait
                0x080018f0       0x4c Middlewares\Third_Party\FreeRTOS\Source\CMSIS_RTOS\cmsis_os.o
                0x080018f0                osSemaphoreWait
 .text.osSemaphoreRelease
                0x0800193c       0x48 Middlewares\Third_Party\FreeRTOS\Source\CMSIS_RTOS\cmsis_os.o
                0x0800193c                osSemaphoreRelease
 .text.osMutexRelease
                0x08001984        0x4 Middlewares\Third_Party\FreeRTOS\Source\CMSIS_RTOS\cmsis_os.o
                0x08001984                osMutexRelease
 .text.osMessageCreate
                0x08001988       0x28 Middlewares\Third_Party\FreeRTOS\Source\CMSIS_RTOS\cmsis_os.o
                0x08001988                osMessageCreate
 .text.osMessagePut
                0x080019b0       0x50 Middlewares\Third_Party\FreeRTOS\Source\CMSIS_RTOS\cmsis_os.o
                0x080019b0                osMessagePut
 .text.osMessageGet
                0x08001a00       0x74 Middlewares\Third_Party\FreeRTOS\Source\CMSIS_RTOS\cmsis_os.o
                0x08001a00                osMessageGet
 .text.vListInitialise
                0x08001a74       0x16 Middlewares\Third_Party\FreeRTOS\Source\list.o
                0x08001a74                vListInitialise
 .text.vListInitialiseItem
                0x08001a8a        0x6 Middlewares\Third_Party\FreeRTOS\Source\list.o
                0x08001a8a                vListInitialiseItem
 .text.vListInsertEnd
                0x08001a90       0x18 Middlewares\Third_Party\FreeRTOS\Source\list.o
                0x08001a90                vListInsertEnd
 .text.vListInsert
                0x08001aa8       0x2e Middlewares\Third_Party\FreeRTOS\Source\list.o
                0x08001aa8                vListInsert
 .text.uxListRemove
                0x08001ad6       0x22 Middlewares\Third_Party\FreeRTOS\Source\list.o
                0x08001ad6                uxListRemove
 .text.prvTaskExitError
                0x08001af8       0x40 Middlewares\Third_Party\FreeRTOS\Source\portable\GCC\ARM_CM4F\port.o
 .text.unlikely.prvPortStartFirstTask
                0x08001b38       0x28 Middlewares\Third_Party\FreeRTOS\Source\portable\GCC\ARM_CM4F\port.o
 .text.unlikely.vPortEnableVFP
                0x08001b60       0x14 Middlewares\Third_Party\FreeRTOS\Source\portable\GCC\ARM_CM4F\port.o
 .text.pxPortInitialiseStack
                0x08001b74       0x2c Middlewares\Third_Party\FreeRTOS\Source\portable\GCC\ARM_CM4F\port.o
                0x08001b74                pxPortInitialiseStack
 .text.SVC_Handler
                0x08001ba0       0x24 Middlewares\Third_Party\FreeRTOS\Source\portable\GCC\ARM_CM4F\port.o
                0x08001ba0                SVC_Handler
 .text.vPortEnterCritical
                0x08001bc4       0x44 Middlewares\Third_Party\FreeRTOS\Source\portable\GCC\ARM_CM4F\port.o
                0x08001bc4                vPortEnterCritical
 .text.vPortExitCritical
                0x08001c08       0x28 Middlewares\Third_Party\FreeRTOS\Source\portable\GCC\ARM_CM4F\port.o
                0x08001c08                vPortExitCritical
 .text.PendSV_Handler
                0x08001c30       0x64 Middlewares\Third_Party\FreeRTOS\Source\portable\GCC\ARM_CM4F\port.o
                0x08001c30                PendSV_Handler
 .text.SysTick_Handler
                0x08001c94       0x2c Middlewares\Third_Party\FreeRTOS\Source\portable\GCC\ARM_CM4F\port.o
                0x08001c94                SysTick_Handler
 .text.vPortSetupTimerInterrupt
                0x08001cc0       0x34 Middlewares\Third_Party\FreeRTOS\Source\portable\GCC\ARM_CM4F\port.o
                0x08001cc0                vPortSetupTimerInterrupt
 .text.xPortStartScheduler
                0x08001cf4      0x10c Middlewares\Third_Party\FreeRTOS\Source\portable\GCC\ARM_CM4F\port.o
                0x08001cf4                xPortStartScheduler
 .text.vPortValidateInterruptPriority
                0x08001e00       0x5c Middlewares\Third_Party\FreeRTOS\Source\portable\GCC\ARM_CM4F\port.o
                0x08001e00                vPortValidateInterruptPriority
 .text.unlikely.prvInsertBlockIntoFreeList
                0x08001e5c       0x48 Middlewares\Third_Party\FreeRTOS\Source\portable\MemMang\heap_4.o
 .text.pvPortMalloc
                0x08001ea4      0x11c Middlewares\Third_Party\FreeRTOS\Source\portable\MemMang\heap_4.o
                0x08001ea4                pvPortMalloc
 .text.vPortFree
                0x08001fc0       0x70 Middlewares\Third_Party\FreeRTOS\Source\portable\MemMang\heap_4.o
                0x08001fc0                vPortFree
 .text.prvIsQueueEmpty
                0x08002030       0x16 Middlewares\Third_Party\FreeRTOS\Source\queue.o
 .text.unlikely.prvCopyDataToQueue
                0x08002046       0x66 Middlewares\Third_Party\FreeRTOS\Source\queue.o
 .text.unlikely.prvCopyDataFromQueue
                0x080020ac       0x2a Middlewares\Third_Party\FreeRTOS\Source\queue.o
 .text.prvUnlockQueue
                0x080020d6       0x70 Middlewares\Third_Party\FreeRTOS\Source\queue.o
 *fill*         0x08002146        0x2 
 .text.xQueueGenericReset
                0x08002148       0x80 Middlewares\Third_Party\FreeRTOS\Source\queue.o
                0x08002148                xQueueGenericReset
 .text.xQueueGenericCreateStatic
                0x080021c8       0x92 Middlewares\Third_Party\FreeRTOS\Source\queue.o
                0x080021c8                xQueueGenericCreateStatic
 .text.xQueueGenericCreate
                0x0800225a       0x48 Middlewares\Third_Party\FreeRTOS\Source\queue.o
                0x0800225a                xQueueGenericCreate
 *fill*         0x080022a2        0x2 
 .text.xQueueGenericSend
                0x080022a4      0x16c Middlewares\Third_Party\FreeRTOS\Source\queue.o
                0x080022a4                xQueueGenericSend
 .text.prvInitialiseMutex
                0x08002410       0x14 Middlewares\Third_Party\FreeRTOS\Source\queue.o
 .text.xQueueCreateMutex
                0x08002424       0x16 Middlewares\Third_Party\FreeRTOS\Source\queue.o
                0x08002424                xQueueCreateMutex
 .text.xQueueCreateMutexStatic
                0x0800243a       0x1c Middlewares\Third_Party\FreeRTOS\Source\queue.o
                0x0800243a                xQueueCreateMutexStatic
 .text.xQueueGenericSendFromISR
                0x08002456       0xc4 Middlewares\Third_Party\FreeRTOS\Source\queue.o
                0x08002456                xQueueGenericSendFromISR
 .text.xQueueGiveFromISR
                0x0800251a       0xa8 Middlewares\Third_Party\FreeRTOS\Source\queue.o
                0x0800251a                xQueueGiveFromISR
 *fill*         0x080025c2        0x2 
 .text.xQueueReceive
                0x080025c4      0x148 Middlewares\Third_Party\FreeRTOS\Source\queue.o
                0x080025c4                xQueueReceive
 .text.xQueueSemaphoreTake
                0x0800270c      0x180 Middlewares\Third_Party\FreeRTOS\Source\queue.o
                0x0800270c                xQueueSemaphoreTake
 .text.xQueueReceiveFromISR
                0x0800288c       0xa0 Middlewares\Third_Party\FreeRTOS\Source\queue.o
                0x0800288c                xQueueReceiveFromISR
 .text.prvAddNewTaskToReadyList
                0x0800292c       0xf8 Middlewares\Third_Party\FreeRTOS\Source\tasks.o
 .text.prvResetNextTaskUnblockTime
                0x08002a24       0x24 Middlewares\Third_Party\FreeRTOS\Source\tasks.o
 .text.prvInitialiseNewTask.isra.2
                0x08002a48       0x82 Middlewares\Third_Party\FreeRTOS\Source\tasks.o
 .text.prvDeleteTCB
                0x08002aca       0x36 Middlewares\Third_Party\FreeRTOS\Source\tasks.o
 .text.prvIdleTask
                0x08002b00       0x64 Middlewares\Third_Party\FreeRTOS\Source\tasks.o
 .text.prvAddCurrentTaskToDelayedList
                0x08002b64       0x8c Middlewares\Third_Party\FreeRTOS\Source\tasks.o
 .text.xTaskCreateStatic
                0x08002bf0       0x6e Middlewares\Third_Party\FreeRTOS\Source\tasks.o
                0x08002bf0                xTaskCreateStatic
 .text.xTaskCreate
                0x08002c5e       0x5a Middlewares\Third_Party\FreeRTOS\Source\tasks.o
                0x08002c5e                xTaskCreate
 .text.vTaskStartScheduler
                0x08002cb8       0x6c Middlewares\Third_Party\FreeRTOS\Source\tasks.o
                0x08002cb8                vTaskStartScheduler
 .text.vTaskSuspendAll
                0x08002d24       0x10 Middlewares\Third_Party\FreeRTOS\Source\tasks.o
                0x08002d24                vTaskSuspendAll
 .text.xTaskGetTickCount
                0x08002d34        0xc Middlewares\Third_Party\FreeRTOS\Source\tasks.o
                0x08002d34                xTaskGetTickCount
 .text.xTaskGetTickCountFromISR
                0x08002d40       0x10 Middlewares\Third_Party\FreeRTOS\Source\tasks.o
                0x08002d40                xTaskGetTickCountFromISR
 .text.xTaskIncrementTick
                0x08002d50      0x124 Middlewares\Third_Party\FreeRTOS\Source\tasks.o
                0x08002d50                xTaskIncrementTick
 .text.xTaskResumeAll
                0x08002e74       0xf0 Middlewares\Third_Party\FreeRTOS\Source\tasks.o
                0x08002e74                xTaskResumeAll
 .text.vTaskDelay
                0x08002f64       0x48 Middlewares\Third_Party\FreeRTOS\Source\tasks.o
                0x08002f64                vTaskDelay
 .text.vTaskSwitchContext
                0x08002fac       0x74 Middlewares\Third_Party\FreeRTOS\Source\tasks.o
                0x08002fac                vTaskSwitchContext
 .text.vTaskPlaceOnEventList
                0x08003020       0x34 Middlewares\Third_Party\FreeRTOS\Source\tasks.o
                0x08003020                vTaskPlaceOnEventList
 .text.xTaskRemoveFromEventList
                0x08003054       0x84 Middlewares\Third_Party\FreeRTOS\Source\tasks.o
                0x08003054                xTaskRemoveFromEventList
 .text.vTaskInternalSetTimeOutState
                0x080030d8       0x18 Middlewares\Third_Party\FreeRTOS\Source\tasks.o
                0x080030d8                vTaskInternalSetTimeOutState
 .text.xTaskCheckForTimeOut
                0x080030f0       0x78 Middlewares\Third_Party\FreeRTOS\Source\tasks.o
                0x080030f0                xTaskCheckForTimeOut
 .text.vTaskMissedYield
                0x08003168        0xc Middlewares\Third_Party\FreeRTOS\Source\tasks.o
                0x08003168                vTaskMissedYield
 .text.xTaskGetSchedulerState
                0x08003174       0x20 Middlewares\Third_Party\FreeRTOS\Source\tasks.o
                0x08003174                xTaskGetSchedulerState
 .text.xTaskPriorityInherit
                0x08003194       0xa8 Middlewares\Third_Party\FreeRTOS\Source\tasks.o
                0x08003194                xTaskPriorityInherit
 .text.xTaskPriorityDisinherit
                0x0800323c       0xa0 Middlewares\Third_Party\FreeRTOS\Source\tasks.o
                0x0800323c                xTaskPriorityDisinherit
 .text.vTaskPriorityDisinheritAfterTimeout
                0x080032dc       0xb4 Middlewares\Third_Party\FreeRTOS\Source\tasks.o
                0x080032dc                vTaskPriorityDisinheritAfterTimeout
 .text.pvTaskIncrementMutexHeldCount
                0x08003390       0x18 Middlewares\Third_Party\FreeRTOS\Source\tasks.o
                0x08003390                pvTaskIncrementMutexHeldCount
 .text.tcpip_thread
                0x080033a8       0x94 Middlewares\Third_Party\LwIP\src\api\tcpip.o
 .text.tcpip_inpkt
                0x0800343c       0x58 Middlewares\Third_Party\LwIP\src\api\tcpip.o
                0x0800343c                tcpip_inpkt
 .text.tcpip_input
                0x08003494       0x1c Middlewares\Third_Party\LwIP\src\api\tcpip.o
                0x08003494                tcpip_input
 .text.tcpip_callback_with_block
                0x080034b0       0x60 Middlewares\Third_Party\LwIP\src\api\tcpip.o
                0x080034b0                tcpip_callback_with_block
 .text.tcpip_init
                0x08003510       0x7c Middlewares\Third_Party\LwIP\src\api\tcpip.o
                0x08003510                tcpip_init
 .text.fs_open  0x0800358c       0x40 Middlewares\Third_Party\LwIP\src\apps\http\fs.o
                0x0800358c                fs_open
 .text.fs_close
                0x080035cc        0x2 Middlewares\Third_Party\LwIP\src\apps\http\fs.o
                0x080035cc                fs_close
 .text.fs_bytes_left
                0x080035ce        0x8 Middlewares\Third_Party\LwIP\src\apps\http\fs.o
                0x080035ce                fs_bytes_left
 .text.http_state_eof
                0x080035d6       0x1e Middlewares\Third_Party\LwIP\src\apps\http\httpd.o
 .text.http_get_404_file
                0x080035f4       0x3c Middlewares\Third_Party\LwIP\src\apps\http\httpd.o
 .text.http_accept
                0x08003630       0x70 Middlewares\Third_Party\LwIP\src\apps\http\httpd.o
 .text.http_close_conn
                0x080036a0       0x58 Middlewares\Third_Party\LwIP\src\apps\http\httpd.o
 .text.http_send
                0x080036f8       0xe0 Middlewares\Third_Party\LwIP\src\apps\http\httpd.o
 .text.http_sent
                0x080037d8       0x18 Middlewares\Third_Party\LwIP\src\apps\http\httpd.o
 .text.http_poll
                0x080037f0       0x3a Middlewares\Third_Party\LwIP\src\apps\http\httpd.o
 *fill*         0x0800382a        0x2 
 .text.http_recv
                0x0800382c      0x2e4 Middlewares\Third_Party\LwIP\src\apps\http\httpd.o
 .text.http_err
                0x08003b10       0x16 Middlewares\Third_Party\LwIP\src\apps\http\httpd.o
 *fill*         0x08003b26        0x2 
 .text.httpd_init
                0x08003b28       0x80 Middlewares\Third_Party\LwIP\src\apps\http\httpd.o
                0x08003b28                httpd_init
 .text.lwip_htons
                0x08003ba8        0x6 Middlewares\Third_Party\LwIP\src\core\def.o
                0x08003ba8                lwip_htons
 .text.lwip_htonl
                0x08003bae        0x4 Middlewares\Third_Party\LwIP\src\core\def.o
                0x08003bae                lwip_htonl
 .text.lwip_strnstr
                0x08003bb2       0x3c Middlewares\Third_Party\LwIP\src\core\def.o
                0x08003bb2                lwip_strnstr
 .text.lwip_init
                0x08003bee       0x22 Middlewares\Third_Party\LwIP\src\core\init.o
                0x08003bee                lwip_init
 .text.etharp_free_entry
                0x08003c10       0x28 Middlewares\Third_Party\LwIP\src\core\ipv4\etharp.o
 .text.etharp_raw
                0x08003c38       0xd8 Middlewares\Third_Party\LwIP\src\core\ipv4\etharp.o
 .text.etharp_find_entry.isra.0
                0x08003d10      0x114 Middlewares\Third_Party\LwIP\src\core\ipv4\etharp.o
 .text.etharp_cleanup_netif
                0x08003e24       0x28 Middlewares\Third_Party\LwIP\src\core\ipv4\etharp.o
                0x08003e24                etharp_cleanup_netif
 .text.etharp_input
                0x08003e4c      0x13c Middlewares\Third_Party\LwIP\src\core\ipv4\etharp.o
                0x08003e4c                etharp_input
 .text.etharp_request
                0x08003f88       0x2c Middlewares\Third_Party\LwIP\src\core\ipv4\etharp.o
                0x08003f88                etharp_request
 .text.etharp_tmr
                0x08003fb4       0x54 Middlewares\Third_Party\LwIP\src\core\ipv4\etharp.o
                0x08003fb4                etharp_tmr
 .text.etharp_output_to_arp_index
                0x08004008       0xb8 Middlewares\Third_Party\LwIP\src\core\ipv4\etharp.o
 .text.etharp_query
                0x080040c0      0x150 Middlewares\Third_Party\LwIP\src\core\ipv4\etharp.o
                0x080040c0                etharp_query
 .text.etharp_output
                0x08004210      0x128 Middlewares\Third_Party\LwIP\src\core\ipv4\etharp.o
                0x08004210                etharp_output
 .text.icmp_send_response.isra.0
                0x08004338       0x94 Middlewares\Third_Party\LwIP\src\core\ipv4\icmp.o
 .text.icmp_input
                0x080043cc      0x130 Middlewares\Third_Party\LwIP\src\core\ipv4\icmp.o
                0x080043cc                icmp_input
 .text.icmp_dest_unreach
                0x080044fc        0xa Middlewares\Third_Party\LwIP\src\core\ipv4\icmp.o
                0x080044fc                icmp_dest_unreach
 .text.icmp_time_exceeded
                0x08004506        0xa Middlewares\Third_Party\LwIP\src\core\ipv4\icmp.o
                0x08004506                icmp_time_exceeded
 .text.ip4_route
                0x08004510       0x58 Middlewares\Third_Party\LwIP\src\core\ipv4\ip4.o
                0x08004510                ip4_route
 .text.ip4_input
                0x08004568      0x184 Middlewares\Third_Party\LwIP\src\core\ipv4\ip4.o
                0x08004568                ip4_input
 .text.ip4_output_if_src
                0x080046ec       0xf0 Middlewares\Third_Party\LwIP\src\core\ipv4\ip4.o
                0x080046ec                ip4_output_if_src
 .text.ip4_output_if
                0x080047dc       0x22 Middlewares\Third_Party\LwIP\src\core\ipv4\ip4.o
                0x080047dc                ip4_output_if
 .text.ip4_addr_isbroadcast_u32
                0x080047fe       0x32 Middlewares\Third_Party\LwIP\src\core\ipv4\ip4_addr.o
                0x080047fe                ip4_addr_isbroadcast_u32
 .text.ip_reass_dequeue_datagram
                0x08004830       0x44 Middlewares\Third_Party\LwIP\src\core\ipv4\ip4_frag.o
 .text.ip_reass_free_complete_datagram
                0x08004874       0xe8 Middlewares\Third_Party\LwIP\src\core\ipv4\ip4_frag.o
 .text.ip_reass_remove_oldest_datagram
                0x0800495c       0x78 Middlewares\Third_Party\LwIP\src\core\ipv4\ip4_frag.o
 .text.ip_frag_free_pbuf_custom_ref
                0x080049d4       0x2c Middlewares\Third_Party\LwIP\src\core\ipv4\ip4_frag.o
 .text.ipfrag_free_pbuf_custom
                0x08004a00       0x34 Middlewares\Third_Party\LwIP\src\core\ipv4\ip4_frag.o
 .text.ip_reass_tmr
                0x08004a34       0x28 Middlewares\Third_Party\LwIP\src\core\ipv4\ip4_frag.o
                0x08004a34                ip_reass_tmr
 .text.ip4_reass
                0x08004a5c      0x354 Middlewares\Third_Party\LwIP\src\core\ipv4\ip4_frag.o
                0x08004a5c                ip4_reass
 .text.ip4_frag
                0x08004db0      0x1b4 Middlewares\Third_Party\LwIP\src\core\ipv4\ip4_frag.o
                0x08004db0                ip4_frag
 .text.mem_init
                0x08004f64       0x6c Middlewares\Third_Party\LwIP\src\core\mem.o
                0x08004f64                mem_init
 .text.mem_free
                0x08004fd0      0x170 Middlewares\Third_Party\LwIP\src\core\mem.o
                0x08004fd0                mem_free
 .text.mem_trim
                0x08005140      0x118 Middlewares\Third_Party\LwIP\src\core\mem.o
                0x08005140                mem_trim
 .text.mem_malloc
                0x08005258      0x13c Middlewares\Third_Party\LwIP\src\core\mem.o
                0x08005258                mem_malloc
 .text.do_memp_malloc_pool.isra.0
                0x08005394       0x3c Middlewares\Third_Party\LwIP\src\core\memp.o
 .text.do_memp_free_pool.isra.1
                0x080053d0       0x38 Middlewares\Third_Party\LwIP\src\core\memp.o
 .text.memp_init_pool
                0x08005408       0x26 Middlewares\Third_Party\LwIP\src\core\memp.o
                0x08005408                memp_init_pool
 *fill*         0x0800542e        0x2 
 .text.memp_init
                0x08005430       0x1c Middlewares\Third_Party\LwIP\src\core\memp.o
                0x08005430                memp_init
 .text.memp_malloc
                0x0800544c       0x38 Middlewares\Third_Party\LwIP\src\core\memp.o
                0x0800544c                memp_malloc
 .text.memp_free
                0x08005484       0x34 Middlewares\Third_Party\LwIP\src\core\memp.o
                0x08005484                memp_free
 .text.netif_issue_reports.part.0
                0x080054b8       0x12 Middlewares\Third_Party\LwIP\src\core\netif.o
 .text.netif_init
                0x080054ca        0x2 Middlewares\Third_Party\LwIP\src\core\netif.o
                0x080054ca                netif_init
 .text.netif_set_ipaddr
                0x080054cc       0x44 Middlewares\Third_Party\LwIP\src\core\netif.o
                0x080054cc                netif_set_ipaddr
 .text.netif_set_addr
                0x08005510       0x38 Middlewares\Third_Party\LwIP\src\core\netif.o
                0x08005510                netif_set_addr
 .text.netif_add
                0x08005548       0x7c Middlewares\Third_Party\LwIP\src\core\netif.o
                0x08005548                netif_add
 .text.netif_set_default
                0x080055c4        0xc Middlewares\Third_Party\LwIP\src\core\netif.o
                0x080055c4                netif_set_default
 .text.netif_set_up
                0x080055d0       0x1e Middlewares\Third_Party\LwIP\src\core\netif.o
                0x080055d0                netif_set_up
 .text.netif_set_down
                0x080055ee       0x1a Middlewares\Third_Party\LwIP\src\core\netif.o
                0x080055ee                netif_set_down
 .text.pbuf_free_ooseq_callback
                0x08005608       0x34 Middlewares\Third_Party\LwIP\src\core\pbuf.o
 .text.pbuf_header_impl
                0x0800563c       0x9c Middlewares\Third_Party\LwIP\src\core\pbuf.o
 .text.pbuf_pool_is_empty
                0x080056d8       0x3c Middlewares\Third_Party\LwIP\src\core\pbuf.o
 .text.pbuf_alloced_custom
                0x08005714       0x70 Middlewares\Third_Party\LwIP\src\core\pbuf.o
                0x08005714                pbuf_alloced_custom
 .text.pbuf_header
                0x08005784        0x6 Middlewares\Third_Party\LwIP\src\core\pbuf.o
                0x08005784                pbuf_header
 .text.pbuf_header_force
                0x0800578a        0x6 Middlewares\Third_Party\LwIP\src\core\pbuf.o
                0x0800578a                pbuf_header_force
 .text.pbuf_free
                0x08005790       0xd4 Middlewares\Third_Party\LwIP\src\core\pbuf.o
                0x08005790                pbuf_free
 .text.pbuf_alloc
                0x08005864      0x1b8 Middlewares\Third_Party\LwIP\src\core\pbuf.o
                0x08005864                pbuf_alloc
 .text.pbuf_realloc
                0x08005a1c       0xe0 Middlewares\Third_Party\LwIP\src\core\pbuf.o
                0x08005a1c                pbuf_realloc
 .text.pbuf_clen
                0x08005afc       0x10 Middlewares\Third_Party\LwIP\src\core\pbuf.o
                0x08005afc                pbuf_clen
 .text.pbuf_ref
                0x08005b0c       0x38 Middlewares\Third_Party\LwIP\src\core\pbuf.o
                0x08005b0c                pbuf_ref
 .text.pbuf_cat
                0x08005b44       0x74 Middlewares\Third_Party\LwIP\src\core\pbuf.o
                0x08005b44                pbuf_cat
 .text.pbuf_copy
                0x08005bb8      0x114 Middlewares\Third_Party\LwIP\src\core\pbuf.o
                0x08005bb8                pbuf_copy
 .text.pbuf_copy_partial
                0x08005ccc       0x8c Middlewares\Third_Party\LwIP\src\core\pbuf.o
                0x08005ccc                pbuf_copy_partial
 .text.tcp_new_port
                0x08005d58       0x50 Middlewares\Third_Party\LwIP\src\core\tcp.o
 .text.tcp_close_shutdown_fin
                0x08005da8       0x60 Middlewares\Third_Party\LwIP\src\core\tcp.o
 .text.tcp_init
                0x08005e08        0x2 Middlewares\Third_Party\LwIP\src\core\tcp.o
                0x08005e08                tcp_init
 *fill*         0x08005e0a        0x2 
 .text.tcp_bind
                0x08005e0c       0x94 Middlewares\Third_Party\LwIP\src\core\tcp.o
                0x08005e0c                tcp_bind
 .text.tcp_listen_with_backlog_and_err
                0x08005ea0       0xb0 Middlewares\Third_Party\LwIP\src\core\tcp.o
                0x08005ea0                tcp_listen_with_backlog_and_err
 .text.tcp_listen_with_backlog
                0x08005f50        0x6 Middlewares\Third_Party\LwIP\src\core\tcp.o
                0x08005f50                tcp_listen_with_backlog
 *fill*         0x08005f56        0x2 
 .text.tcp_update_rcv_ann_wnd
                0x08005f58       0x58 Middlewares\Third_Party\LwIP\src\core\tcp.o
                0x08005f58                tcp_update_rcv_ann_wnd
 .text.tcp_recved
                0x08005fb0       0x7c Middlewares\Third_Party\LwIP\src\core\tcp.o
                0x08005fb0                tcp_recved
 .text.tcp_seg_free
                0x0800602c       0x1c Middlewares\Third_Party\LwIP\src\core\tcp.o
                0x0800602c                tcp_seg_free
 .text.tcp_segs_free
                0x08006048       0x10 Middlewares\Third_Party\LwIP\src\core\tcp.o
                0x08006048                tcp_segs_free
 .text.tcp_setprio
                0x08006058        0x4 Middlewares\Third_Party\LwIP\src\core\tcp.o
                0x08006058                tcp_setprio
 .text.tcp_seg_copy
                0x0800605c       0x2c Middlewares\Third_Party\LwIP\src\core\tcp.o
                0x0800605c                tcp_seg_copy
 .text.tcp_arg  0x08006088        0x6 Middlewares\Third_Party\LwIP\src\core\tcp.o
                0x08006088                tcp_arg
 *fill*         0x0800608e        0x2 
 .text.tcp_recv
                0x08006090       0x30 Middlewares\Third_Party\LwIP\src\core\tcp.o
                0x08006090                tcp_recv
 .text.tcp_sent
                0x080060c0       0x2c Middlewares\Third_Party\LwIP\src\core\tcp.o
                0x080060c0                tcp_sent
 .text.tcp_err  0x080060ec       0x30 Middlewares\Third_Party\LwIP\src\core\tcp.o
                0x080060ec                tcp_err
 .text.tcp_accept
                0x0800611c        0xc Middlewares\Third_Party\LwIP\src\core\tcp.o
                0x0800611c                tcp_accept
 .text.tcp_poll
                0x08006128       0x30 Middlewares\Third_Party\LwIP\src\core\tcp.o
                0x08006128                tcp_poll
 .text.tcp_pcb_purge
                0x08006158       0x40 Middlewares\Third_Party\LwIP\src\core\tcp.o
                0x08006158                tcp_pcb_purge
 .text.tcp_slowtmr
                0x08006198      0x3c4 Middlewares\Third_Party\LwIP\src\core\tcp.o
                0x08006198                tcp_slowtmr
 .text.tcp_pcb_remove
                0x0800655c       0xa0 Middlewares\Third_Party\LwIP\src\core\tcp.o
                0x0800655c                tcp_pcb_remove
 .text.tcp_close_shutdown
                0x080065fc      0x14c Middlewares\Third_Party\LwIP\src\core\tcp.o
 .text.tcp_close
                0x08006748       0x14 Middlewares\Third_Party\LwIP\src\core\tcp.o
                0x08006748                tcp_close
 .text.tcp_recv_null
                0x0800675c       0x24 Middlewares\Third_Party\LwIP\src\core\tcp.o
                0x0800675c                tcp_recv_null
 .text.tcp_process_refused_data
                0x08006780       0x66 Middlewares\Third_Party\LwIP\src\core\tcp.o
                0x08006780                tcp_process_refused_data
 *fill*         0x080067e6        0x2 
 .text.tcp_fasttmr
                0x080067e8       0x80 Middlewares\Third_Party\LwIP\src\core\tcp.o
                0x080067e8                tcp_fasttmr
 .text.tcp_tmr  0x08006868       0x24 Middlewares\Third_Party\LwIP\src\core\tcp.o
                0x08006868                tcp_tmr
 .text.tcp_abandon
                0x0800688c       0xec Middlewares\Third_Party\LwIP\src\core\tcp.o
                0x0800688c                tcp_abandon
 .text.tcp_abort
                0x08006978        0x6 Middlewares\Third_Party\LwIP\src\core\tcp.o
                0x08006978                tcp_abort
 .text.tcp_accept_null
                0x0800697e        0xe Middlewares\Third_Party\LwIP\src\core\tcp.o
 .text.tcp_netif_ip_addr_changed_pcblist
                0x0800698c       0x1c Middlewares\Third_Party\LwIP\src\core\tcp.o
 .text.tcp_kill_state
                0x080069a8       0x60 Middlewares\Third_Party\LwIP\src\core\tcp.o
 .text.tcp_alloc
                0x08006a08      0x110 Middlewares\Third_Party\LwIP\src\core\tcp.o
                0x08006a08                tcp_alloc
 .text.tcp_new_ip_type
                0x08006b18        0x6 Middlewares\Third_Party\LwIP\src\core\tcp.o
                0x08006b18                tcp_new_ip_type
 *fill*         0x08006b1e        0x2 
 .text.tcp_next_iss
                0x08006b20       0x18 Middlewares\Third_Party\LwIP\src\core\tcp.o
                0x08006b20                tcp_next_iss
 .text.tcp_eff_send_mss_impl
                0x08006b38       0x1e Middlewares\Third_Party\LwIP\src\core\tcp.o
                0x08006b38                tcp_eff_send_mss_impl
 *fill*         0x08006b56        0x2 
 .text.tcp_netif_ip_addr_changed
                0x08006b58       0x4c Middlewares\Third_Party\LwIP\src\core\tcp.o
                0x08006b58                tcp_netif_ip_addr_changed
 .text.tcp_oos_insert_segment
                0x08006ba4       0x7c Middlewares\Third_Party\LwIP\src\core\tcp_in.o
 .text.tcp_receive
                0x08006c20      0x998 Middlewares\Third_Party\LwIP\src\core\tcp_in.o
 .text.tcp_getoptbyte
                0x080075b8       0x40 Middlewares\Third_Party\LwIP\src\core\tcp_in.o
 .text.tcp_parseopt.isra.1.part.2
                0x080075f8       0x70 Middlewares\Third_Party\LwIP\src\core\tcp_in.o
 .text.tcp_input_delayed_close
                0x08007668       0x40 Middlewares\Third_Party\LwIP\src\core\tcp_in.o
 .text.tcp_input
                0x080076a8      0x9fc Middlewares\Third_Party\LwIP\src\core\tcp_in.o
                0x080076a8                tcp_input
 .text.tcp_trigger_input_pcb_close
                0x080080a4       0x10 Middlewares\Third_Party\LwIP\src\core\tcp_in.o
                0x080080a4                tcp_trigger_input_pcb_close
 .text.tcp_pbuf_prealloc
                0x080080b4       0x74 Middlewares\Third_Party\LwIP\src\core\tcp_out.o
 .text.tcp_create_segment
                0x08008128       0xd0 Middlewares\Third_Party\LwIP\src\core\tcp_out.o
 .text.tcp_output_alloc_header.constprop.0
                0x080081f8       0x78 Middlewares\Third_Party\LwIP\src\core\tcp_out.o
 .text.tcp_write
                0x08008270      0x52c Middlewares\Third_Party\LwIP\src\core\tcp_out.o
                0x08008270                tcp_write
 .text.tcp_enqueue_flags
                0x0800879c      0x130 Middlewares\Third_Party\LwIP\src\core\tcp_out.o
                0x0800879c                tcp_enqueue_flags
 .text.tcp_send_fin
                0x080088cc       0x44 Middlewares\Third_Party\LwIP\src\core\tcp_out.o
                0x080088cc                tcp_send_fin
 .text.tcp_send_empty_ack
                0x08008910       0x6a Middlewares\Third_Party\LwIP\src\core\tcp_out.o
                0x08008910                tcp_send_empty_ack
 *fill*         0x0800897a        0x2 
 .text.tcp_output
                0x0800897c      0x2fc Middlewares\Third_Party\LwIP\src\core\tcp_out.o
                0x0800897c                tcp_output
 .text.tcp_rst  0x08008c78       0xb4 Middlewares\Third_Party\LwIP\src\core\tcp_out.o
                0x08008c78                tcp_rst
 .text.tcp_rexmit_rto
                0x08008d2c       0x38 Middlewares\Third_Party\LwIP\src\core\tcp_out.o
                0x08008d2c                tcp_rexmit_rto
 .text.tcp_rexmit
                0x08008d64       0x52 Middlewares\Third_Party\LwIP\src\core\tcp_out.o
                0x08008d64                tcp_rexmit
 .text.tcp_rexmit_fast
                0x08008db6       0x4e Middlewares\Third_Party\LwIP\src\core\tcp_out.o
                0x08008db6                tcp_rexmit_fast
 .text.tcp_keepalive
                0x08008e04       0x54 Middlewares\Third_Party\LwIP\src\core\tcp_out.o
                0x08008e04                tcp_keepalive
 .text.tcp_zero_window_probe
                0x08008e58       0xc0 Middlewares\Third_Party\LwIP\src\core\tcp_out.o
                0x08008e58                tcp_zero_window_probe
 .text.sys_timeout
                0x08008f18       0xa4 Middlewares\Third_Party\LwIP\src\core\timeouts.o
                0x08008f18                sys_timeout
 .text.tcp_timer_needed
                0x08008fbc       0x34 Middlewares\Third_Party\LwIP\src\core\timeouts.o
                0x08008fbc                tcp_timer_needed
 .text.tcpip_tcp_timer
                0x08008ff0       0x38 Middlewares\Third_Party\LwIP\src\core\timeouts.o
 .text.sys_timeouts_init
                0x08009028       0x38 Middlewares\Third_Party\LwIP\src\core\timeouts.o
                0x08009028                sys_timeouts_init
 .text.cyclic_timer
                0x08009060       0x1c Middlewares\Third_Party\LwIP\src\core\timeouts.o
 .text.sys_timeouts_mbox_fetch
                0x0800907c       0xa4 Middlewares\Third_Party\LwIP\src\core\timeouts.o
                0x0800907c                sys_timeouts_mbox_fetch
 .text.udp_init
                0x08009120        0x2 Middlewares\Third_Party\LwIP\src\core\udp.o
                0x08009120                udp_init
 *fill*         0x08009122        0x2 
 .text.udp_input
                0x08009124      0x130 Middlewares\Third_Party\LwIP\src\core\udp.o
                0x08009124                udp_input
 .text.udp_netif_ip_addr_changed
                0x08009254       0x2c Middlewares\Third_Party\LwIP\src\core\udp.o
                0x08009254                udp_netif_ip_addr_changed
 .text.ethernet_input
                0x08009280       0x98 Middlewares\Third_Party\LwIP\src\netif\ethernet.o
                0x08009280                ethernet_input
 .text.ethernet_output
                0x08009318       0x70 Middlewares\Third_Party\LwIP\src\netif\ethernet.o
                0x08009318                ethernet_output
 .text.sys_mbox_new
                0x08009388       0x24 Middlewares\Third_Party\LwIP\system\OS\sys_arch.o
                0x08009388                sys_mbox_new
 .text.sys_mbox_post
                0x080093ac       0x18 Middlewares\Third_Party\LwIP\system\OS\sys_arch.o
                0x080093ac                sys_mbox_post
 .text.sys_mbox_trypost
                0x080093c4       0x14 Middlewares\Third_Party\LwIP\system\OS\sys_arch.o
                0x080093c4                sys_mbox_trypost
 .text.sys_arch_mbox_fetch
                0x080093d8       0x44 Middlewares\Third_Party\LwIP\system\OS\sys_arch.o
                0x080093d8                sys_arch_mbox_fetch
 .text.sys_mbox_valid
                0x0800941c        0xa Middlewares\Third_Party\LwIP\system\OS\sys_arch.o
                0x0800941c                sys_mbox_valid
 *fill*         0x08009426        0x2 
 .text.sys_init
                0x08009428       0x18 Middlewares\Third_Party\LwIP\system\OS\sys_arch.o
                0x08009428                sys_init
 .text.sys_mutex_new
                0x08009440       0x1e Middlewares\Third_Party\LwIP\system\OS\sys_arch.o
                0x08009440                sys_mutex_new
 .text.sys_mutex_lock
                0x0800945e        0xa Middlewares\Third_Party\LwIP\system\OS\sys_arch.o
                0x0800945e                sys_mutex_lock
 .text.sys_mutex_unlock
                0x08009468        0x6 Middlewares\Third_Party\LwIP\system\OS\sys_arch.o
                0x08009468                sys_mutex_unlock
 .text.sys_thread_new
                0x0800946e       0x2e Middlewares\Third_Party\LwIP\system\OS\sys_arch.o
                0x0800946e                sys_thread_new
 .text.sys_arch_protect
                0x0800949c       0x18 Middlewares\Third_Party\LwIP\system\OS\sys_arch.o
                0x0800949c                sys_arch_protect
 .text.sys_arch_unprotect
                0x080094b4        0xc Middlewares\Third_Party\LwIP\system\OS\sys_arch.o
                0x080094b4                sys_arch_unprotect
 .text.low_level_output
                0x080094c0       0xa0 Src\ethernetif.o
 .text.ethernetif_input
                0x08009560      0x100 Src\ethernetif.o
                0x08009560                ethernetif_input
 .text.HAL_ETH_MspInit
                0x08009660       0xfc Src\ethernetif.o
                0x08009660                HAL_ETH_MspInit
 .text.HAL_ETH_RxCpltCallback
                0x0800975c        0xc Src\ethernetif.o
                0x0800975c                HAL_ETH_RxCpltCallback
 .text.ethernetif_init
                0x08009768      0x15c Src\ethernetif.o
                0x08009768                ethernetif_init
 .text.sys_now  0x080098c4        0x4 Src\ethernetif.o
                0x080098c4                sys_now
 .text.vApplicationGetIdleTaskMemory
                0x080098c8       0x18 Src\freertos.o
                0x080098c8                vApplicationGetIdleTaskMemory
 .text.MX_LWIP_Init
                0x080098e0       0xe0 Src\lwip.o
                0x080098e0                MX_LWIP_Init
 .text.StartDefaultTask
                0x080099c0       0x12 Src\main.o
                0x080099c0                StartDefaultTask
 *fill*         0x080099d2        0x2 
 .text.SystemClock_Config
                0x080099d4       0x98 Src\main.o
                0x080099d4                SystemClock_Config
 .text.startup.main
                0x08009a6c       0xd4 Src\main.o
                0x08009a6c                main
 .text.HAL_TIM_PeriodElapsedCallback
                0x08009b40       0x14 Src\main.o
                0x08009b40                HAL_TIM_PeriodElapsedCallback
 .text.HAL_MspInit
                0x08009b54       0x44 Src\stm32f4xx_hal_msp.o
                0x08009b54                HAL_MspInit
 .text.HAL_InitTick
                0x08009b98       0x7c Src\stm32f4xx_hal_timebase_tim.o
                0x08009b98                HAL_InitTick
 .text.NMI_Handler
                0x08009c14        0x2 Src\stm32f4xx_it.o
                0x08009c14                NMI_Handler
 .text.HardFault_Handler
                0x08009c16        0x2 Src\stm32f4xx_it.o
                0x08009c16                HardFault_Handler
 .text.MemManage_Handler
                0x08009c18        0x2 Src\stm32f4xx_it.o
                0x08009c18                MemManage_Handler
 .text.BusFault_Handler
                0x08009c1a        0x2 Src\stm32f4xx_it.o
                0x08009c1a                BusFault_Handler
 .text.UsageFault_Handler
                0x08009c1c        0x2 Src\stm32f4xx_it.o
                0x08009c1c                UsageFault_Handler
 .text.DebugMon_Handler
                0x08009c1e        0x2 Src\stm32f4xx_it.o
                0x08009c1e                DebugMon_Handler
 .text.TIM5_IRQHandler
                0x08009c20        0xc Src\stm32f4xx_it.o
                0x08009c20                TIM5_IRQHandler
 .text.ETH_IRQHandler
                0x08009c2c        0xc Src\stm32f4xx_it.o
                0x08009c2c                ETH_IRQHandler
 .text._read    0x08009c38       0x1c Src\syscalls.o
                0x08009c38                _read
 .text._write   0x08009c54       0x1c Src\syscalls.o
                0x08009c54                _write
 .text._sbrk    0x08009c70       0x34 Src\syscalls.o
                0x08009c70                _sbrk
 .text._close   0x08009ca4        0x6 Src\syscalls.o
                0x08009ca4                _close
 .text._fstat   0x08009caa        0xa Src\syscalls.o
                0x08009caa                _fstat
 .text._isatty  0x08009cb4        0x4 Src\syscalls.o
                0x08009cb4                _isatty
 .text._lseek   0x08009cb8        0x4 Src\syscalls.o
                0x08009cb8                _lseek
 .text.SystemInit
                0x08009cbc       0x1c Src\system_stm32f4xx.o
                0x08009cbc                SystemInit
 .text.Reset_Handler
                0x08009cd8       0x50 startup\startup_stm32f407xx.o
                0x08009cd8                Reset_Handler
 .text.Default_Handler
                0x08009d28        0x2 startup\startup_stm32f407xx.o
                0x08009d28                RTC_Alarm_IRQHandler
                0x08009d28                HASH_RNG_IRQHandler
                0x08009d28                EXTI2_IRQHandler
                0x08009d28                TIM8_CC_IRQHandler
                0x08009d28                TIM1_CC_IRQHandler
                0x08009d28                DMA2_Stream5_IRQHandler
                0x08009d28                DMA1_Stream5_IRQHandler
                0x08009d28                PVD_IRQHandler
                0x08009d28                SDIO_IRQHandler
                0x08009d28                TAMP_STAMP_IRQHandler
                0x08009d28                CAN2_RX1_IRQHandler
                0x08009d28                EXTI3_IRQHandler
                0x08009d28                TIM8_TRG_COM_TIM14_IRQHandler
                0x08009d28                TIM1_UP_TIM10_IRQHandler
                0x08009d28                TIM8_UP_TIM13_IRQHandler
                0x08009d28                I2C3_ER_IRQHandler
                0x08009d28                EXTI0_IRQHandler
                0x08009d28                I2C2_EV_IRQHandler
                0x08009d28                DMA1_Stream2_IRQHandler
                0x08009d28                CAN1_RX0_IRQHandler
                0x08009d28                FPU_IRQHandler
                0x08009d28                OTG_HS_WKUP_IRQHandler
                0x08009d28                CAN2_SCE_IRQHandler
                0x08009d28                DMA2_Stream2_IRQHandler
                0x08009d28                SPI1_IRQHandler
                0x08009d28                TIM6_DAC_IRQHandler
                0x08009d28                TIM1_BRK_TIM9_IRQHandler
                0x08009d28                DCMI_IRQHandler
                0x08009d28                CAN2_RX0_IRQHandler
                0x08009d28                DMA2_Stream3_IRQHandler
                0x08009d28                USART6_IRQHandler
                0x08009d28                USART3_IRQHandler
                0x08009d28                CAN1_RX1_IRQHandler
                0x08009d28                UART5_IRQHandler
                0x08009d28                DMA2_Stream0_IRQHandler
                0x08009d28                TIM4_IRQHandler
                0x08009d28                I2C1_EV_IRQHandler
                0x08009d28                DMA1_Stream6_IRQHandler
                0x08009d28                DMA1_Stream1_IRQHandler
                0x08009d28                UART4_IRQHandler
                0x08009d28                TIM3_IRQHandler
                0x08009d28                RCC_IRQHandler
                0x08009d28                TIM8_BRK_TIM12_IRQHandler
                0x08009d28                Default_Handler
                0x08009d28                EXTI15_10_IRQHandler
                0x08009d28                ADC_IRQHandler
                0x08009d28                DMA1_Stream7_IRQHandler
                0x08009d28                TIM7_IRQHandler
                0x08009d28                CAN2_TX_IRQHandler
                0x08009d28                DMA2_Stream7_IRQHandler
                0x08009d28                I2C3_EV_IRQHandler
                0x08009d28                EXTI9_5_IRQHandler
                0x08009d28                RTC_WKUP_IRQHandler
                0x08009d28                ETH_WKUP_IRQHandler
                0x08009d28                SPI2_IRQHandler
                0x08009d28                OTG_HS_EP1_IN_IRQHandler
                0x08009d28                DMA1_Stream0_IRQHandler
                0x08009d28                CAN1_TX_IRQHandler
                0x08009d28                EXTI4_IRQHandler
                0x08009d28                FSMC_IRQHandler
                0x08009d28                OTG_HS_EP1_OUT_IRQHandler
                0x08009d28                WWDG_IRQHandler
                0x08009d28                TIM2_IRQHandler
                0x08009d28                OTG_FS_WKUP_IRQHandler
                0x08009d28                TIM1_TRG_COM_TIM11_IRQHandler
                0x08009d28                OTG_HS_IRQHandler
                0x08009d28                EXTI1_IRQHandler
                0x08009d28                USART2_IRQHandler
                0x08009d28                I2C2_ER_IRQHandler
                0x08009d28                DMA2_Stream1_IRQHandler
                0x08009d28                CAN1_SCE_IRQHandler
                0x08009d28                FLASH_IRQHandler
                0x08009d28                DMA2_Stream4_IRQHandler
                0x08009d28                USART1_IRQHandler
                0x08009d28                OTG_FS_IRQHandler
                0x08009d28                SPI3_IRQHandler
                0x08009d28                DMA1_Stream4_IRQHandler
                0x08009d28                I2C1_ER_IRQHandler
                0x08009d28                DMA2_Stream6_IRQHandler
                0x08009d28                DMA1_Stream3_IRQHandler
 *fill*         0x08009d2a        0x2 
 .text.__libc_init_array
                0x08009d2c       0x48 c:/program files (x86)/atollic/truestudio for stm32 9.3.0/armtools/bin/../lib/gcc/arm-atollic-eabi/6.3.1/../../../../arm-atollic-eabi/lib/armv7e-m/fpu\libc_nano.a(lib_a-init.o)
                0x08009d2c                __libc_init_array
 .text.memcmp   0x08009d74       0x1e c:/program files (x86)/atollic/truestudio for stm32 9.3.0/armtools/bin/../lib/gcc/arm-atollic-eabi/6.3.1/../../../../arm-atollic-eabi/lib/armv7e-m/fpu\libc_nano.a(lib_a-memcmp.o)
                0x08009d74                memcmp
 .text.memcpy   0x08009d92       0x16 c:/program files (x86)/atollic/truestudio for stm32 9.3.0/armtools/bin/../lib/gcc/arm-atollic-eabi/6.3.1/../../../../arm-atollic-eabi/lib/armv7e-m/fpu\libc_nano.a(lib_a-memcpy-stub.o)
                0x08009d92                memcpy
 .text.memset   0x08009da8       0x10 c:/program files (x86)/atollic/truestudio for stm32 9.3.0/armtools/bin/../lib/gcc/arm-atollic-eabi/6.3.1/../../../../arm-atollic-eabi/lib/armv7e-m/fpu\libc_nano.a(lib_a-memset.o)
                0x08009da8                memset
 .text.printf   0x08009db8       0x30 c:/program files (x86)/atollic/truestudio for stm32 9.3.0/armtools/bin/../lib/gcc/arm-atollic-eabi/6.3.1/../../../../arm-atollic-eabi/lib/armv7e-m/fpu\libc_nano.a(lib_a-printf.o)
                0x08009db8                iprintf
                0x08009db8                printf
 .text.strchr   0x08009de8       0x1c c:/program files (x86)/atollic/truestudio for stm32 9.3.0/armtools/bin/../lib/gcc/arm-atollic-eabi/6.3.1/../../../../arm-atollic-eabi/lib/armv7e-m/fpu\libc_nano.a(lib_a-strchr.o)
                0x08009de8                strchr
 .text.strncmp  0x08009e04       0x24 c:/program files (x86)/atollic/truestudio for stm32 9.3.0/armtools/bin/../lib/gcc/arm-atollic-eabi/6.3.1/../../../../arm-atollic-eabi/lib/armv7e-m/fpu\libc_nano.a(lib_a-strncmp.o)
                0x08009e04                strncmp
 .text._cleanup_r
                0x08009e28        0xc c:/program files (x86)/atollic/truestudio for stm32 9.3.0/armtools/bin/../lib/gcc/arm-atollic-eabi/6.3.1/../../../../arm-atollic-eabi/lib/armv7e-m/fpu\libc_nano.a(lib_a-findfp.o)
                0x08009e28                _cleanup_r
 .text.std.isra.0
                0x08009e34       0x48 c:/program files (x86)/atollic/truestudio for stm32 9.3.0/armtools/bin/../lib/gcc/arm-atollic-eabi/6.3.1/../../../../arm-atollic-eabi/lib/armv7e-m/fpu\libc_nano.a(lib_a-findfp.o)
 .text.__sfmoreglue
                0x08009e7c       0x2c c:/program files (x86)/atollic/truestudio for stm32 9.3.0/armtools/bin/../lib/gcc/arm-atollic-eabi/6.3.1/../../../../arm-atollic-eabi/lib/armv7e-m/fpu\libc_nano.a(lib_a-findfp.o)
                0x08009e7c                __sfmoreglue
 .text.__sinit  0x08009ea8       0x60 c:/program files (x86)/atollic/truestudio for stm32 9.3.0/armtools/bin/../lib/gcc/arm-atollic-eabi/6.3.1/../../../../arm-atollic-eabi/lib/armv7e-m/fpu\libc_nano.a(lib_a-findfp.o)
                0x08009ea8                __sinit
 .text.__sfp    0x08009f08       0x78 c:/program files (x86)/atollic/truestudio for stm32 9.3.0/armtools/bin/../lib/gcc/arm-atollic-eabi/6.3.1/../../../../arm-atollic-eabi/lib/armv7e-m/fpu\libc_nano.a(lib_a-findfp.o)
                0x08009f08                __sfp
 .text._fwalk_reent
                0x08009f80       0x3c c:/program files (x86)/atollic/truestudio for stm32 9.3.0/armtools/bin/../lib/gcc/arm-atollic-eabi/6.3.1/../../../../arm-atollic-eabi/lib/armv7e-m/fpu\libc_nano.a(lib_a-fwalk.o)
                0x08009f80                _fwalk_reent
 .text._malloc_r
                0x08009fbc       0xbc c:/program files (x86)/atollic/truestudio for stm32 9.3.0/armtools/bin/../lib/gcc/arm-atollic-eabi/6.3.1/../../../../arm-atollic-eabi/lib/armv7e-m/fpu\libc_nano.a(lib_a-nano-mallocr.o)
                0x08009fbc                _malloc_r
 .text.__sfputc_r
                0x0800a078       0x30 c:/program files (x86)/atollic/truestudio for stm32 9.3.0/armtools/bin/../lib/gcc/arm-atollic-eabi/6.3.1/../../../../arm-atollic-eabi/lib/armv7e-m/fpu\libc_nano.a(lib_a-nano-vfprintf.o)
 .text.__sfputs_r
                0x0800a0a8       0x24 c:/program files (x86)/atollic/truestudio for stm32 9.3.0/armtools/bin/../lib/gcc/arm-atollic-eabi/6.3.1/../../../../arm-atollic-eabi/lib/armv7e-m/fpu\libc_nano.a(lib_a-nano-vfprintf.o)
                0x0800a0a8                __sfputs_r
 .text._vfprintf_r
                0x0800a0cc      0x22c c:/program files (x86)/atollic/truestudio for stm32 9.3.0/armtools/bin/../lib/gcc/arm-atollic-eabi/6.3.1/../../../../arm-atollic-eabi/lib/armv7e-m/fpu\libc_nano.a(lib_a-nano-vfprintf.o)
                0x0800a0cc                _vfprintf_r
                0x0800a0cc                _vfiprintf_r
 .text._printf_common
                0x0800a2f8       0xec c:/program files (x86)/atollic/truestudio for stm32 9.3.0/armtools/bin/../lib/gcc/arm-atollic-eabi/6.3.1/../../../../arm-atollic-eabi/lib/armv7e-m/fpu\libc_nano.a(lib_a-nano-vfprintf_i.o)
                0x0800a2f8                _printf_common
 .text._printf_i
                0x0800a3e4      0x240 c:/program files (x86)/atollic/truestudio for stm32 9.3.0/armtools/bin/../lib/gcc/arm-atollic-eabi/6.3.1/../../../../arm-atollic-eabi/lib/armv7e-m/fpu\libc_nano.a(lib_a-nano-vfprintf_i.o)
                0x0800a3e4                _printf_i
 .text._sbrk_r  0x0800a624       0x20 c:/program files (x86)/atollic/truestudio for stm32 9.3.0/armtools/bin/../lib/gcc/arm-atollic-eabi/6.3.1/../../../../arm-atollic-eabi/lib/armv7e-m/fpu\libc_nano.a(lib_a-sbrkr.o)
                0x0800a624                _sbrk_r
 .text.__sread  0x0800a644       0x22 c:/program files (x86)/atollic/truestudio for stm32 9.3.0/armtools/bin/../lib/gcc/arm-atollic-eabi/6.3.1/../../../../arm-atollic-eabi/lib/armv7e-m/fpu\libc_nano.a(lib_a-stdio.o)
                0x0800a644                __sread
 .text.__swrite
                0x0800a666       0x38 c:/program files (x86)/atollic/truestudio for stm32 9.3.0/armtools/bin/../lib/gcc/arm-atollic-eabi/6.3.1/../../../../arm-atollic-eabi/lib/armv7e-m/fpu\libc_nano.a(lib_a-stdio.o)
                0x0800a666                __swrite
 .text.__sseek  0x0800a69e       0x24 c:/program files (x86)/atollic/truestudio for stm32 9.3.0/armtools/bin/../lib/gcc/arm-atollic-eabi/6.3.1/../../../../arm-atollic-eabi/lib/armv7e-m/fpu\libc_nano.a(lib_a-stdio.o)
                0x0800a69e                __sseek
 .text.__sclose
                0x0800a6c2        0x8 c:/program files (x86)/atollic/truestudio for stm32 9.3.0/armtools/bin/../lib/gcc/arm-atollic-eabi/6.3.1/../../../../arm-atollic-eabi/lib/armv7e-m/fpu\libc_nano.a(lib_a-stdio.o)
                0x0800a6c2                __sclose
 *fill*         0x0800a6ca        0x2 
 .text.__swbuf_r
                0x0800a6cc       0xa4 c:/program files (x86)/atollic/truestudio for stm32 9.3.0/armtools/bin/../lib/gcc/arm-atollic-eabi/6.3.1/../../../../arm-atollic-eabi/lib/armv7e-m/fpu\libc_nano.a(lib_a-wbuf.o)
                0x0800a6cc                __swbuf_r
 .text._write_r
                0x0800a770       0x24 c:/program files (x86)/atollic/truestudio for stm32 9.3.0/armtools/bin/../lib/gcc/arm-atollic-eabi/6.3.1/../../../../arm-atollic-eabi/lib/armv7e-m/fpu\libc_nano.a(lib_a-writer.o)
                0x0800a770                _write_r
 .text.__swsetup_r
                0x0800a794       0xdc c:/program files (x86)/atollic/truestudio for stm32 9.3.0/armtools/bin/../lib/gcc/arm-atollic-eabi/6.3.1/../../../../arm-atollic-eabi/lib/armv7e-m/fpu\libc_nano.a(lib_a-wsetup.o)
                0x0800a794                __swsetup_r
 .text._close_r
                0x0800a870       0x20 c:/program files (x86)/atollic/truestudio for stm32 9.3.0/armtools/bin/../lib/gcc/arm-atollic-eabi/6.3.1/../../../../arm-atollic-eabi/lib/armv7e-m/fpu\libc_nano.a(lib_a-closer.o)
                0x0800a870                _close_r
 .text.__sflush_r
                0x0800a890      0x110 c:/program files (x86)/atollic/truestudio for stm32 9.3.0/armtools/bin/../lib/gcc/arm-atollic-eabi/6.3.1/../../../../arm-atollic-eabi/lib/armv7e-m/fpu\libc_nano.a(lib_a-fflush.o)
                0x0800a890                __sflush_r
 .text._fflush_r
                0x0800a9a0       0x54 c:/program files (x86)/atollic/truestudio for stm32 9.3.0/armtools/bin/../lib/gcc/arm-atollic-eabi/6.3.1/../../../../arm-atollic-eabi/lib/armv7e-m/fpu\libc_nano.a(lib_a-fflush.o)
                0x0800a9a0                _fflush_r
 .text._lseek_r
                0x0800a9f4       0x24 c:/program files (x86)/atollic/truestudio for stm32 9.3.0/armtools/bin/../lib/gcc/arm-atollic-eabi/6.3.1/../../../../arm-atollic-eabi/lib/armv7e-m/fpu\libc_nano.a(lib_a-lseekr.o)
                0x0800a9f4                _lseek_r
 .text.__swhatbuf_r
                0x0800aa18       0x48 c:/program files (x86)/atollic/truestudio for stm32 9.3.0/armtools/bin/../lib/gcc/arm-atollic-eabi/6.3.1/../../../../arm-atollic-eabi/lib/armv7e-m/fpu\libc_nano.a(lib_a-makebuf.o)
                0x0800aa18                __swhatbuf_r
 .text.__smakebuf_r
                0x0800aa60       0x80 c:/program files (x86)/atollic/truestudio for stm32 9.3.0/armtools/bin/../lib/gcc/arm-atollic-eabi/6.3.1/../../../../arm-atollic-eabi/lib/armv7e-m/fpu\libc_nano.a(lib_a-makebuf.o)
                0x0800aa60                __smakebuf_r
 .text.__malloc_lock
                0x0800aae0        0x2 c:/program files (x86)/atollic/truestudio for stm32 9.3.0/armtools/bin/../lib/gcc/arm-atollic-eabi/6.3.1/../../../../arm-atollic-eabi/lib/armv7e-m/fpu\libc_nano.a(lib_a-mlock.o)
                0x0800aae0                __malloc_lock
 .text.__malloc_unlock
                0x0800aae2        0x2 c:/program files (x86)/atollic/truestudio for stm32 9.3.0/armtools/bin/../lib/gcc/arm-atollic-eabi/6.3.1/../../../../arm-atollic-eabi/lib/armv7e-m/fpu\libc_nano.a(lib_a-mlock.o)
                0x0800aae2                __malloc_unlock
 .text._free_r  0x0800aae4       0x9c c:/program files (x86)/atollic/truestudio for stm32 9.3.0/armtools/bin/../lib/gcc/arm-atollic-eabi/6.3.1/../../../../arm-atollic-eabi/lib/armv7e-m/fpu\libc_nano.a(lib_a-nano-freer.o)
                0x0800aae4                _free_r
 .text._read_r  0x0800ab80       0x24 c:/program files (x86)/atollic/truestudio for stm32 9.3.0/armtools/bin/../lib/gcc/arm-atollic-eabi/6.3.1/../../../../arm-atollic-eabi/lib/armv7e-m/fpu\libc_nano.a(lib_a-readr.o)
                0x0800ab80                _read_r
 .text._fstat_r
                0x0800aba4       0x24 c:/program files (x86)/atollic/truestudio for stm32 9.3.0/armtools/bin/../lib/gcc/arm-atollic-eabi/6.3.1/../../../../arm-atollic-eabi/lib/armv7e-m/fpu\libc_nano.a(lib_a-fstatr.o)
                0x0800aba4                _fstat_r
 .text._isatty_r
                0x0800abc8       0x20 c:/program files (x86)/atollic/truestudio for stm32 9.3.0/armtools/bin/../lib/gcc/arm-atollic-eabi/6.3.1/../../../../arm-atollic-eabi/lib/armv7e-m/fpu\libc_nano.a(lib_a-isattyr.o)
                0x0800abc8                _isatty_r
 *(.glue_7)
 .glue_7        0x0800abe8        0x0 linker stubs
 *(.glue_7t)
 .glue_7t       0x0800abe8        0x0 linker stubs
 *(.eh_frame)
 .eh_frame      0x0800abe8        0x0 c:/program files (x86)/atollic/truestudio for stm32 9.3.0/armtools/bin/../lib/gcc/arm-atollic-eabi/6.3.1/armv7e-m/fpu/crtbegin.o
 *(.init)
 .init          0x0800abe8        0x4 c:/program files (x86)/atollic/truestudio for stm32 9.3.0/armtools/bin/../lib/gcc/arm-atollic-eabi/6.3.1/armv7e-m/fpu/crti.o
                0x0800abe8                _init
 .init          0x0800abec        0x8 c:/program files (x86)/atollic/truestudio for stm32 9.3.0/armtools/bin/../lib/gcc/arm-atollic-eabi/6.3.1/armv7e-m/fpu/crtn.o
 *(.fini)
 .fini          0x0800abf4        0x4 c:/program files (x86)/atollic/truestudio for stm32 9.3.0/armtools/bin/../lib/gcc/arm-atollic-eabi/6.3.1/armv7e-m/fpu/crti.o
                0x0800abf4                _fini
 .fini          0x0800abf8        0x8 c:/program files (x86)/atollic/truestudio for stm32 9.3.0/armtools/bin/../lib/gcc/arm-atollic-eabi/6.3.1/armv7e-m/fpu/crtn.o
                0x0800ac00                . = ALIGN (0x4)
                0x0800ac00                _etext = .

.vfp11_veneer   0x0800ac00        0x0
 .vfp11_veneer  0x0800ac00        0x0 linker stubs

.v4_bx          0x0800ac00        0x0
 .v4_bx         0x0800ac00        0x0 linker stubs

.iplt           0x0800ac00        0x0
 .iplt          0x0800ac00        0x0 c:/program files (x86)/atollic/truestudio for stm32 9.3.0/armtools/bin/../lib/gcc/arm-atollic-eabi/6.3.1/armv7e-m/fpu/crtbegin.o

.rodata         0x0800ac00     0x2888
                0x0800ac00                . = ALIGN (0x4)
 *(.rodata)
 .rodata        0x0800ac00       0x1c Src\ethernetif.o
 .rodata        0x0800ac1c       0x1c Src\main.o
 *(.rodata*)
 .rodata.vTaskStartScheduler.str1.1
                0x0800ac38        0x5 Middlewares\Third_Party\FreeRTOS\Source\tasks.o
 .rodata.tcpip_init.str1.1
                0x0800ac3d       0x51 Middlewares\Third_Party\LwIP\src\api\tcpip.o
 .rodata.tcpip_inpkt.str1.1
                0x0800ac8e        0xd Middlewares\Third_Party\LwIP\src\api\tcpip.o
 .rodata.tcpip_thread.str1.1
                0x0800ac9b       0x76 Middlewares\Third_Party\LwIP\src\api\tcpip.o
 .rodata.data__404_html
                0x0800ad11      0x2b8 Middlewares\Third_Party\LwIP\src\apps\http\fs.o
 .rodata.data__img_sics_gif
                0x0800afc9      0x34f Middlewares\Third_Party\LwIP\src\apps\http\fs.o
 .rodata.data__index_html
                0x0800b318      0x74e Middlewares\Third_Party\LwIP\src\apps\http\fs.o
 *fill*         0x0800ba66        0x2 
 .rodata.file__404_html
                0x0800ba68       0x14 Middlewares\Third_Party\LwIP\src\apps\http\fs.o
                0x0800ba68                file__404_html
 .rodata.file__img_sics_gif
                0x0800ba7c       0x14 Middlewares\Third_Party\LwIP\src\apps\http\fs.o
                0x0800ba7c                file__img_sics_gif
 .rodata.file__index_html
                0x0800ba90       0x14 Middlewares\Third_Party\LwIP\src\apps\http\fs.o
                0x0800ba90                file__index_html
 .rodata.g_psDefaultFilenames
                0x0800baa4       0x28 Middlewares\Third_Party\LwIP\src\apps\http\httpd.o
                0x0800baa4                g_psDefaultFilenames
 .rodata.http_get_404_file.str1.1
                0x0800bacc       0x1e Middlewares\Third_Party\LwIP\src\apps\http\httpd.o
 .rodata.http_recv.str1.1
                0x0800baea       0x51 Middlewares\Third_Party\LwIP\src\apps\http\httpd.o
                                 0x56 (size before relaxing)
 .rodata.http_send.str1.1
                0x0800bb3b       0x6d Middlewares\Third_Party\LwIP\src\apps\http\httpd.o
                                 0x95 (size before relaxing)
 .rodata.httpd_init.str1.1
                0x0800bba8       0x55 Middlewares\Third_Party\LwIP\src\apps\http\httpd.o
 .rodata.str1.1
                0x0800bbfd       0x3b Middlewares\Third_Party\LwIP\src\apps\http\httpd.o
 .rodata.etharp_find_entry.isra.0.str1.1
                0x0800bc38       0x40 Middlewares\Third_Party\LwIP\src\core\ipv4\etharp.o
 .rodata.etharp_get_entry.str1.1
                0x0800bc78       0x1f Middlewares\Third_Party\LwIP\src\core\ipv4\etharp.o
 .rodata.etharp_input.str1.1
                0x0800bc97       0x24 Middlewares\Third_Party\LwIP\src\core\ipv4\etharp.o
 .rodata.etharp_output.str1.1
                0x0800bcbb       0x24 Middlewares\Third_Party\LwIP\src\core\ipv4\etharp.o
                                  0xa (size before relaxing)
 .rodata.etharp_output_to_arp_index.str1.1
                0x0800bcbb       0x30 Middlewares\Third_Party\LwIP\src\core\ipv4\etharp.o
 .rodata.etharp_query.str1.1
                0x0800bceb       0x42 Middlewares\Third_Party\LwIP\src\core\ipv4\etharp.o
 .rodata.etharp_raw.str1.1
                0x0800bd2d       0xb7 Middlewares\Third_Party\LwIP\src\core\ipv4\etharp.o
                                 0xdf (size before relaxing)
 .rodata.icmp_input.str1.1
                0x0800bde4       0x67 Middlewares\Third_Party\LwIP\src\core\ipv4\icmp.o
 .rodata.icmp_send_response.isra.0.str1.1
                0x0800be4b       0x61 Middlewares\Third_Party\LwIP\src\core\ipv4\icmp.o
                                 0x89 (size before relaxing)
 .rodata.ip4_output_if_src.str1.1
                0x0800beac       0x6d Middlewares\Third_Party\LwIP\src\core\ipv4\ip4.o
                                 0x95 (size before relaxing)
 *fill*         0x0800bf19        0x3 
 .rodata.ip_addr_any
                0x0800bf1c        0x4 Middlewares\Third_Party\LwIP\src\core\ipv4\ip4_addr.o
                0x0800bf1c                ip_addr_any
 .rodata.ip4_frag.str1.1
                0x0800bf20       0x61 Middlewares\Third_Party\LwIP\src\core\ipv4\ip4_frag.o
 .rodata.ip4_reass.str1.1
                0x0800bf81       0x84 Middlewares\Third_Party\LwIP\src\core\ipv4\ip4_frag.o
 .rodata.ip_frag_free_pbuf_custom_ref.str1.1
                0x0800c005       0x84 Middlewares\Third_Party\LwIP\src\core\ipv4\ip4_frag.o
                                  0xa (size before relaxing)
 .rodata.ip_reass_dequeue_datagram.str1.1
                0x0800c005       0x52 Middlewares\Third_Party\LwIP\src\core\ipv4\ip4_frag.o
                                 0x7a (size before relaxing)
 .rodata.ip_reass_free_complete_datagram.str1.1
                0x0800c057       0x56 Middlewares\Third_Party\LwIP\src\core\ipv4\ip4_frag.o
 .rodata.ipfrag_free_pbuf_custom.str1.1
                0x0800c0ad        0xc Middlewares\Third_Party\LwIP\src\core\ipv4\ip4_frag.o
 .rodata.mem_free.str1.1
                0x0800c0b9       0xc2 Middlewares\Third_Party\LwIP\src\core\mem.o
 .rodata.mem_init.str1.1
                0x0800c17b       0x4a Middlewares\Third_Party\LwIP\src\core\mem.o
                                 0x72 (size before relaxing)
 .rodata.mem_malloc.str1.1
                0x0800c1c5       0x9b Middlewares\Third_Party\LwIP\src\core\mem.o
 .rodata.mem_trim.str1.1
                0x0800c260       0x37 Middlewares\Third_Party\LwIP\src\core\mem.o
 .rodata.do_memp_free_pool.isra.1.str1.1
                0x0800c297       0x20 Middlewares\Third_Party\LwIP\src\core\memp.o
 .rodata.do_memp_malloc_pool.isra.0.str1.1
                0x0800c2b7       0x53 Middlewares\Third_Party\LwIP\src\core\memp.o
                                 0x7b (size before relaxing)
 *fill*         0x0800c30a        0x2 
 .rodata.memp_FRAG_PBUF
                0x0800c30c        0xc Middlewares\Third_Party\LwIP\src\core\memp.o
                0x0800c30c                memp_FRAG_PBUF
 .rodata.memp_NETBUF
                0x0800c318        0xc Middlewares\Third_Party\LwIP\src\core\memp.o
                0x0800c318                memp_NETBUF
 .rodata.memp_NETCONN
                0x0800c324        0xc Middlewares\Third_Party\LwIP\src\core\memp.o
                0x0800c324                memp_NETCONN
 .rodata.memp_PBUF
                0x0800c330        0xc Middlewares\Third_Party\LwIP\src\core\memp.o
                0x0800c330                memp_PBUF
 .rodata.memp_PBUF_POOL
                0x0800c33c        0xc Middlewares\Third_Party\LwIP\src\core\memp.o
                0x0800c33c                memp_PBUF_POOL
 .rodata.memp_REASSDATA
                0x0800c348        0xc Middlewares\Third_Party\LwIP\src\core\memp.o
                0x0800c348                memp_REASSDATA
 .rodata.memp_SYS_TIMEOUT
                0x0800c354        0xc Middlewares\Third_Party\LwIP\src\core\memp.o
                0x0800c354                memp_SYS_TIMEOUT
 .rodata.memp_TCPIP_MSG_API
                0x0800c360        0xc Middlewares\Third_Party\LwIP\src\core\memp.o
                0x0800c360                memp_TCPIP_MSG_API
 .rodata.memp_TCPIP_MSG_INPKT
                0x0800c36c        0xc Middlewares\Third_Party\LwIP\src\core\memp.o
                0x0800c36c                memp_TCPIP_MSG_INPKT
 .rodata.memp_TCP_PCB
                0x0800c378        0xc Middlewares\Third_Party\LwIP\src\core\memp.o
                0x0800c378                memp_TCP_PCB
 .rodata.memp_TCP_PCB_LISTEN
                0x0800c384        0xc Middlewares\Third_Party\LwIP\src\core\memp.o
                0x0800c384                memp_TCP_PCB_LISTEN
 .rodata.memp_TCP_SEG
                0x0800c390        0xc Middlewares\Third_Party\LwIP\src\core\memp.o
                0x0800c390                memp_TCP_SEG
 .rodata.memp_UDP_PCB
                0x0800c39c        0xc Middlewares\Third_Party\LwIP\src\core\memp.o
                0x0800c39c                memp_UDP_PCB
 .rodata.memp_free.str1.1
                0x0800c3a8       0x1b Middlewares\Third_Party\LwIP\src\core\memp.o
 .rodata.memp_malloc.str1.1
                0x0800c3c3       0x1d Middlewares\Third_Party\LwIP\src\core\memp.o
 .rodata.memp_pools
                0x0800c3e0       0x34 Middlewares\Third_Party\LwIP\src\core\memp.o
                0x0800c3e0                memp_pools
 .rodata.netif_add.str1.1
                0x0800c414       0x48 Middlewares\Third_Party\LwIP\src\core\netif.o
                                 0x70 (size before relaxing)
 .rodata.pbuf_alloc.str1.1
                0x0800c45c       0xa8 Middlewares\Third_Party\LwIP\src\core\pbuf.o
 .rodata.pbuf_alloced_custom.str1.1
                0x0800c504       0x24 Middlewares\Third_Party\LwIP\src\core\pbuf.o
 .rodata.pbuf_cat.str1.1
                0x0800c528       0x72 Middlewares\Third_Party\LwIP\src\core\pbuf.o
 .rodata.pbuf_copy.str1.1
                0x0800c59a       0x99 Middlewares\Third_Party\LwIP\src\core\pbuf.o
 .rodata.pbuf_copy_partial.str1.1
                0x0800c633       0x42 Middlewares\Third_Party\LwIP\src\core\pbuf.o
 .rodata.pbuf_free.str1.1
                0x0800c675       0x4c Middlewares\Third_Party\LwIP\src\core\pbuf.o
 .rodata.pbuf_header_impl.str1.1
                0x0800c6c1       0x5c Middlewares\Third_Party\LwIP\src\core\pbuf.o
                                 0x8e (size before relaxing)
 .rodata.pbuf_realloc.str1.1
                0x0800c71d       0x78 Middlewares\Third_Party\LwIP\src\core\pbuf.o
 .rodata.pbuf_ref.str1.1
                0x0800c795       0x12 Middlewares\Third_Party\LwIP\src\core\pbuf.o
 .rodata.tcp_abandon.str1.1
                0x0800c7a7       0x31 Middlewares\Third_Party\LwIP\src\core\tcp.o
 .rodata.tcp_backoff
                0x0800c7d8        0xd Middlewares\Third_Party\LwIP\src\core\tcp.o
 .rodata.tcp_bind.str1.1
                0x0800c7e5       0x28 Middlewares\Third_Party\LwIP\src\core\tcp.o
 .rodata.tcp_close_shutdown.str1.1
                0x0800c80d       0x19 Middlewares\Third_Party\LwIP\src\core\tcp.o
 .rodata.tcp_close_shutdown_fin.str1.1
                0x0800c826       0x3b Middlewares\Third_Party\LwIP\src\core\tcp.o
                                 0x63 (size before relaxing)
 .rodata.tcp_err.str1.1
                0x0800c861       0x26 Middlewares\Third_Party\LwIP\src\core\tcp.o
 .rodata.tcp_kill_state.str1.1
                0x0800c887        0xe Middlewares\Third_Party\LwIP\src\core\tcp.o
 .rodata.tcp_listen_with_backlog_and_err.str1.1
                0x0800c895       0x22 Middlewares\Third_Party\LwIP\src\core\tcp.o
 *fill*         0x0800c8b7        0x1 
 .rodata.tcp_pcb_lists
                0x0800c8b8       0x10 Middlewares\Third_Party\LwIP\src\core\tcp.o
                0x0800c8b8                tcp_pcb_lists
 .rodata.tcp_pcb_remove.str1.1
                0x0800c8c8       0x48 Middlewares\Third_Party\LwIP\src\core\tcp.o
 .rodata.tcp_persist_backoff
                0x0800c910        0x7 Middlewares\Third_Party\LwIP\src\core\tcp.o
 .rodata.tcp_poll.str1.1
                0x0800c917       0x1e Middlewares\Third_Party\LwIP\src\core\tcp.o
 .rodata.tcp_recv.str1.1
                0x0800c935       0x27 Middlewares\Third_Party\LwIP\src\core\tcp.o
 .rodata.tcp_recved.str1.1
                0x0800c95c       0x47 Middlewares\Third_Party\LwIP\src\core\tcp.o
 .rodata.tcp_sent.str1.1
                0x0800c9a3       0x27 Middlewares\Third_Party\LwIP\src\core\tcp.o
 .rodata.tcp_slowtmr.str1.1
                0x0800c9ca      0x152 Middlewares\Third_Party\LwIP\src\core\tcp.o
 .rodata.tcp_update_rcv_ann_wnd.str1.1
                0x0800cb1c       0x1a Middlewares\Third_Party\LwIP\src\core\tcp.o
 .rodata.tcp_input.str1.1
                0x0800cb36      0x1b6 Middlewares\Third_Party\LwIP\src\core\tcp_in.o
 .rodata.tcp_receive.str1.1
                0x0800ccec      0x18b Middlewares\Third_Party\LwIP\src\core\tcp_in.o
                                0x1b3 (size before relaxing)
 .rodata.tcp_create_segment.str1.1
                0x0800ce77       0x15 Middlewares\Third_Party\LwIP\src\core\tcp_out.o
 .rodata.tcp_enqueue_flags.str1.1
                0x0800ce8c       0xf8 Middlewares\Third_Party\LwIP\src\core\tcp_out.o
 .rodata.tcp_output.str1.1
                0x0800cf84       0x3d Middlewares\Third_Party\LwIP\src\core\tcp_out.o
 .rodata.tcp_output_alloc_header.constprop.0.str1.1
                0x0800cfc1       0x2e Middlewares\Third_Party\LwIP\src\core\tcp_out.o
 .rodata.tcp_pbuf_prealloc.str1.1
                0x0800cfef       0x47 Middlewares\Third_Party\LwIP\src\core\tcp_out.o
                                 0x6f (size before relaxing)
 .rodata.tcp_write.str1.1
                0x0800d036      0x232 Middlewares\Third_Party\LwIP\src\core\tcp_out.o
 .rodata.lwip_cyclic_timers
                0x0800d268       0x18 Middlewares\Third_Party\LwIP\src\core\timeouts.o
                0x0800d268                lwip_cyclic_timers
 .rodata.sys_timeout.str1.1
                0x0800d280       0x71 Middlewares\Third_Party\LwIP\src\core\timeouts.o
                                 0x99 (size before relaxing)
 .rodata.udp_input.str1.1
                0x0800d2f1       0x43 Middlewares\Third_Party\LwIP\src\core\udp.o
                                 0x6b (size before relaxing)
 .rodata.ethbroadcast
                0x0800d334        0x6 Middlewares\Third_Party\LwIP\src\netif\ethernet.o
                0x0800d334                ethbroadcast
 .rodata.ethernet_output.str1.1
                0x0800d33a       0x66 Middlewares\Third_Party\LwIP\src\netif\ethernet.o
                                 0x8e (size before relaxing)
 .rodata.ethzero
                0x0800d3a0        0x6 Middlewares\Third_Party\LwIP\src\netif\ethernet.o
                0x0800d3a0                ethzero
 *fill*         0x0800d3a6        0x2 
 .rodata.os_mutex_def_lwip_sys_mutex
                0x0800d3a8        0x8 Middlewares\Third_Party\LwIP\system\OS\sys_arch.o
                0x0800d3a8                os_mutex_def_lwip_sys_mutex
 .rodata.ethernetif_init.str1.1
                0x0800d3b0       0x14 Src\ethernetif.o
                                 0x4a (size before relaxing)
 .rodata.str1.1
                0x0800d3c4        0x6 Src\ethernetif.o
 .rodata.str1.1
                0x0800d3ca        0xc Src\main.o
 .rodata.AHBPrescTable
                0x0800d3d6       0x10 Src\system_stm32f4xx.o
                0x0800d3d6                AHBPrescTable
 .rodata.APBPrescTable
                0x0800d3e6        0x8 Src\system_stm32f4xx.o
                0x0800d3e6                APBPrescTable
 *fill*         0x0800d3ee        0x2 
 .rodata.__sf_fake_stderr
                0x0800d3f0       0x20 c:/program files (x86)/atollic/truestudio for stm32 9.3.0/armtools/bin/../lib/gcc/arm-atollic-eabi/6.3.1/../../../../arm-atollic-eabi/lib/armv7e-m/fpu\libc_nano.a(lib_a-findfp.o)
                0x0800d3f0                __sf_fake_stderr
 .rodata.__sf_fake_stdin
                0x0800d410       0x20 c:/program files (x86)/atollic/truestudio for stm32 9.3.0/armtools/bin/../lib/gcc/arm-atollic-eabi/6.3.1/../../../../arm-atollic-eabi/lib/armv7e-m/fpu\libc_nano.a(lib_a-findfp.o)
                0x0800d410                __sf_fake_stdin
 .rodata.__sf_fake_stdout
                0x0800d430       0x20 c:/program files (x86)/atollic/truestudio for stm32 9.3.0/armtools/bin/../lib/gcc/arm-atollic-eabi/6.3.1/../../../../arm-atollic-eabi/lib/armv7e-m/fpu\libc_nano.a(lib_a-findfp.o)
                0x0800d430                __sf_fake_stdout
 .rodata._global_impure_ptr
                0x0800d450        0x4 c:/program files (x86)/atollic/truestudio for stm32 9.3.0/armtools/bin/../lib/gcc/arm-atollic-eabi/6.3.1/../../../../arm-atollic-eabi/lib/armv7e-m/fpu\libc_nano.a(lib_a-impure.o)
                0x0800d450                _global_impure_ptr
 .rodata._vfprintf_r.str1.1
                0x0800d454       0x11 c:/program files (x86)/atollic/truestudio for stm32 9.3.0/armtools/bin/../lib/gcc/arm-atollic-eabi/6.3.1/../../../../arm-atollic-eabi/lib/armv7e-m/fpu\libc_nano.a(lib_a-nano-vfprintf.o)
 .rodata._printf_i.str1.1
                0x0800d465       0x22 c:/program files (x86)/atollic/truestudio for stm32 9.3.0/armtools/bin/../lib/gcc/arm-atollic-eabi/6.3.1/../../../../arm-atollic-eabi/lib/armv7e-m/fpu\libc_nano.a(lib_a-nano-vfprintf_i.o)
                0x0800d488                . = ALIGN (0x4)
 *fill*         0x0800d487        0x1 

.ARM.extab
 *(.ARM.extab* .gnu.linkonce.armextab.*)

.ARM            0x0800d488        0x8
                0x0800d488                __exidx_start = .
 *(.ARM.exidx*)
 .ARM.exidx     0x0800d488        0x8 c:/program files (x86)/atollic/truestudio for stm32 9.3.0/armtools/bin/../lib/gcc/arm-atollic-eabi/6.3.1/armv7e-m/fpu\libgcc.a(_udivmoddi4.o)
                0x0800d490                __exidx_end = .

.rel.dyn        0x0800d490        0x0
 .rel.iplt      0x0800d490        0x0 c:/program files (x86)/atollic/truestudio for stm32 9.3.0/armtools/bin/../lib/gcc/arm-atollic-eabi/6.3.1/armv7e-m/fpu/crtbegin.o

.preinit_array  0x0800d490        0x0
                0x0800d490                PROVIDE (__preinit_array_start, .)
 *(.preinit_array*)
                0x0800d490                PROVIDE (__preinit_array_end, .)

.init_array     0x0800d490        0x4
                0x0800d490                PROVIDE (__init_array_start, .)
 *(SORT(.init_array.*))
 *(.init_array*)
 .init_array    0x0800d490        0x4 c:/program files (x86)/atollic/truestudio for stm32 9.3.0/armtools/bin/../lib/gcc/arm-atollic-eabi/6.3.1/armv7e-m/fpu/crtbegin.o
                0x0800d494                PROVIDE (__init_array_end, .)

.fini_array     0x0800d494        0x4
                [!provide]                PROVIDE (__fini_array_start, .)
 *(SORT(.fini_array.*))
 *(.fini_array*)
 .fini_array    0x0800d494        0x4 c:/program files (x86)/atollic/truestudio for stm32 9.3.0/armtools/bin/../lib/gcc/arm-atollic-eabi/6.3.1/armv7e-m/fpu/crtbegin.o