nrf24l01.c:11:13:ce_reset	0	static
nrf24l01.c:7:13:ce_set	0	static
nrf24l01.c:67:12:nrf_send_command	40	dynamic
nrf24l01.c:140:6:nrf_packet_received_callback	0	static
nrf24l01.c:148:12:nrf_read_register	24	static
nrf24l01.c:157:12:nrf_write_register	24	static
nrf24l01.c:166:12:nrf_read_rx_payload	16	dynamic
nrf24l01.c:175:12:nrf_write_tx_payload	16	dynamic
nrf24l01.c:184:12:nrf_write_tx_payload_noack	16	dynamic
nrf24l01.c:193:12:nrf_flush_tx	24	static
nrf24l01.c:202:12:nrf_flush_rx	24	static
nrf24l01.c:211:12:nrf_set_data_rate	24	static
nrf24l01.c:234:12:nrf_set_tx_power	24	static
nrf24l01.c:248:12:nrf_set_ccw	24	static
nrf24l01.c:266:12:nrf_clear_interrupts	24	static
nrf24l01.c:280:12:nrf_set_rf_channel	24	static
nrf24l01.c:294:12:nrf_set_retransmittion_count	24	static
nrf24l01.c:311:12:nrf_set_retransmittion_delay	24	static
nrf24l01.c:328:12:nrf_set_address_width	24	static
nrf24l01.c:344:12:nrf_set_rx_pipes	16	static
nrf24l01.c:351:12:nrf_enable_auto_ack	24	static
nrf24l01.c:363:12:nrf_enable_crc	24	static
nrf24l01.c:381:12:nrf_set_crc_width	24	static
nrf24l01.c:400:12:nrf_power_up	24	static
nrf24l01.c:418:12:nrf_rx_tx_control	24	static
nrf24l01.c:93:6:nrf_irq_handler	32	static
nrf24l01.c:436:12:nrf_enable_rx_data_ready_irq	24	static
nrf24l01.c:454:12:nrf_enable_tx_data_sent_irq	24	static
nrf24l01.c:470:12:nrf_enable_max_retransmit_irq	24	static
nrf24l01.c:486:12:nrf_set_rx_address_p0	32	static
nrf24l01.c:496:12:nrf_set_rx_address_p1	32	static
nrf24l01.c:506:12:nrf_set_tx_address	32	static
nrf24l01.c:516:12:nrf_set_rx_payload_width_p0	16	static
nrf24l01.c:526:12:nrf_set_rx_payload_width_p1	16	static
nrf24l01.c:24:12:nrf_init	24	static
nrf24l01.c:536:12:nrf_send_packet	16	static
nrf24l01.c:551:12:nrf_send_packet_noack	16	static
nrf24l01.c:564:16:nrf_receive_packet	16	static
nrf24l01.c:577:12:nrf_push_packet	16	static
