main.c:755:6:StartDefaultTask	40	static
main.c:704:13:cloud_test	8	static
main.c:609:6:Led_SetState.part.0	0	static
main.c:87:6:delay	0	static
main.c:108:1:__io_putchar	24	static
main.c:124:1:__io_getchar	24	static
main.c:223:6:SystemClock_Config	232	static
main.c:142:5:main	72	static
main.c:609:6:Led_SetState	0	static
main.c:624:6:Led_Blink	16	static
main.c:659:9:Button_WaitForPush	16	static
main.c:687:9:Button_WaitForMultiPush	8	static
main.c:710:6:secondTask	0	static
main.c:772:6:HAL_GPIO_EXTI_Callback	0	static
main.c:794:6:Error_Handler	0	static
