ssl_tls.c:73:13:ssl_set_timer	24	static
ssl_tls.c:5100:13:ssl_calc_finished_tls_sha256	192	static
ssl_tls.c:1066:6:ssl_calc_verify_tls_sha256	144	static
ssl_tls.c:374:12:tls_prf_generic	256	static
ssl_tls.c:438:12:tls_prf_sha256	24	static
ssl_tls.c:449:12:tls_prf_sha384	24	static
ssl_tls.c:5149:13:ssl_calc_finished_tls_sha384	312	static
ssl_tls.c:1087:6:ssl_calc_verify_tls_sha384	248	static
ssl_tls.c:5994:12:ssl_append_key_cert	16	static
ssl_tls.c:4938:13:ssl_update_checksum_sha256	0	static
ssl_tls.c:4946:13:ssl_update_checksum_sha384	0	static
ssl_tls.c:4908:13:ssl_update_checksum_start	16	static
ssl_tls.c:491:5:mbedtls_ssl_derive_keys	392	static
ssl_tls.c:2247:5:mbedtls_ssl_fetch_input	56	static
ssl_tls.c:2466:5:mbedtls_ssl_flush_output	40	static
ssl_tls.c:2759:5:mbedtls_ssl_write_record	88	static
ssl_tls.c:3145:5:mbedtls_ssl_prepare_handshake_record	32	static
ssl_tls.c:3232:6:mbedtls_ssl_update_handshake_status	4	static
ssl_tls.c:4082:5:mbedtls_ssl_handle_message_type	24	static
ssl_tls.c:4171:5:mbedtls_ssl_send_alert_message	40	static
ssl_tls.c:4157:5:mbedtls_ssl_send_fatal_handshake_failure	0	static
ssl_tls.c:3851:5:mbedtls_ssl_read_record_layer	88	static
ssl_tls.c:3805:5:mbedtls_ssl_read_record	24	static
ssl_tls.c:4252:5:mbedtls_ssl_write_certificate	40	static
ssl_tls.c:4752:5:mbedtls_ssl_write_change_cipher_spec	24	static
ssl_tls.c:4775:5:mbedtls_ssl_parse_change_cipher_spec	24	static
ssl_tls.c:4862:6:mbedtls_ssl_optimize_checksum	0	static
ssl_tls.c:4891:6:mbedtls_ssl_reset_checksum	8	static
ssl_tls.c:5285:5:mbedtls_ssl_write_finished	24	static
ssl_tls.c:5409:5:mbedtls_ssl_parse_finished	48	static
ssl_tls.c:5547:6:mbedtls_ssl_session_init	0	static
ssl_tls.c:5653:6:mbedtls_ssl_init	0	static
ssl_tls.c:5837:6:mbedtls_ssl_conf_endpoint	0	static
ssl_tls.c:5842:6:mbedtls_ssl_conf_transport	0	static
ssl_tls.c:5869:6:mbedtls_ssl_conf_authmode	0	static
ssl_tls.c:5875:6:mbedtls_ssl_conf_verify	0	static
ssl_tls.c:5884:6:mbedtls_ssl_conf_rng	0	static
ssl_tls.c:5892:6:mbedtls_ssl_conf_dbg	0	static
ssl_tls.c:5900:6:mbedtls_ssl_set_bio	0	static
ssl_tls.c:5912:6:mbedtls_ssl_conf_read_timeout	0	static
ssl_tls.c:5917:6:mbedtls_ssl_set_timer_cb	4	static
ssl_tls.c:5964:6:mbedtls_ssl_conf_ciphersuites	0	static
ssl_tls.c:5973:6:mbedtls_ssl_conf_ciphersuites_for_version	0	static
ssl_tls.c:5987:6:mbedtls_ssl_conf_cert_profile	0	static
ssl_tls.c:6024:5:mbedtls_ssl_conf_own_cert	0	static
ssl_tls.c:6031:6:mbedtls_ssl_conf_ca_chain	0	static
ssl_tls.c:6041:5:mbedtls_ssl_set_hs_own_cert	0	static
ssl_tls.c:6049:6:mbedtls_ssl_set_hs_ca_chain	0	static
ssl_tls.c:6057:6:mbedtls_ssl_set_hs_authmode	0	static
ssl_tls.c:6245:6:mbedtls_ssl_conf_sig_hashes	0	static
ssl_tls.c:6256:6:mbedtls_ssl_conf_curves	0	static
ssl_tls.c:6264:5:mbedtls_ssl_set_hostname	24	static
ssl_tls.c:6310:6:mbedtls_ssl_conf_sni	0	static
ssl_tls.c:6321:5:mbedtls_ssl_conf_alpn_protocols	24	static
ssl_tls.c:6346:13:mbedtls_ssl_get_alpn_protocol	0	static
ssl_tls.c:6352:6:mbedtls_ssl_conf_max_version	0	static
ssl_tls.c:6358:6:mbedtls_ssl_conf_min_version	0	static
ssl_tls.c:6387:6:mbedtls_ssl_conf_extended_master_secret	0	static
ssl_tls.c:6401:5:mbedtls_ssl_conf_max_frag_len	0	static
ssl_tls.c:6416:6:mbedtls_ssl_conf_truncated_hmac	0	static
ssl_tls.c:6429:6:mbedtls_ssl_conf_legacy_renegotiation	0	static
ssl_tls.c:6435:6:mbedtls_ssl_conf_renegotiation	0	static
ssl_tls.c:6440:6:mbedtls_ssl_conf_renegotiation_enforced	0	static
ssl_tls.c:6445:6:mbedtls_ssl_conf_renegotiation_period	0	static
ssl_tls.c:6454:6:mbedtls_ssl_conf_session_tickets	0	static
ssl_tls.c:6474:6:mbedtls_ssl_conf_export_keys_cb	0	static
ssl_tls.c:6523:8:mbedtls_ssl_get_bytes_avail	0	static
ssl_tls.c:6528:5:mbedtls_ssl_check_pending	24	static
ssl_tls.c:6583:10:mbedtls_ssl_get_verify_result	0	static
ssl_tls.c:6594:13:mbedtls_ssl_get_ciphersuite	0	static
ssl_tls.c:6602:13:mbedtls_ssl_get_version	0	static
ssl_tls.c:6640:5:mbedtls_ssl_get_record_expansion	16	static
ssl_tls.c:6675:8:mbedtls_ssl_get_max_frag_len	0	static
ssl_tls.c:6698:25:mbedtls_ssl_get_peer_cert	0	static
ssl_tls.c:6725:5:mbedtls_ssl_handshake_step	0	static
ssl_tls.c:6747:5:mbedtls_ssl_handshake	24	static
ssl_tls.c:7366:5:mbedtls_ssl_close_notify	24	static
ssl_tls.c:7394:6:mbedtls_ssl_transform_free	8	static
ssl_tls.c:7427:6:mbedtls_ssl_handshake_free	16	static
ssl_tls.c:7514:6:mbedtls_ssl_session_free	8	static
ssl_tls.c:5223:6:mbedtls_ssl_handshake_wrapup	24	static
ssl_tls.c:155:12:ssl_session_copy	16	static
ssl_tls.c:5943:5:mbedtls_ssl_set_session	8	static
ssl_tls.c:6708:5:mbedtls_ssl_get_session	0	static
ssl_tls.c:5552:12:ssl_handshake_init	24	static
ssl_tls.c:5661:5:mbedtls_ssl_setup	16	static
ssl_tls.c:6805:12:ssl_start_renegotiation	24	static
ssl_tls.c:6845:5:mbedtls_ssl_renegotiate	24	static
ssl_tls.c:6901:12:ssl_check_ctr_renegotiate	24	static
ssl_tls.c:7326:5:mbedtls_ssl_write	32	static
ssl_tls.c:6932:5:mbedtls_ssl_read	40	static
ssl_tls.c:5829:5:mbedtls_ssl_session_reset	16	static
ssl_tls.c:7537:6:mbedtls_ssl_free	24	static
ssl_tls.c:7616:6:mbedtls_ssl_config_init	0	static
ssl_tls.c:7663:5:mbedtls_ssl_config_defaults	8	static
ssl_tls.c:7827:6:mbedtls_ssl_config_free	16	static
ssl_tls.c:7864:15:mbedtls_ssl_sig_from_pk	8	static
ssl_tls.c:7877:15:mbedtls_ssl_sig_from_pk_alg	0	static
ssl_tls.c:7890:19:mbedtls_ssl_pk_alg_from_sig	0	static
ssl_tls.c:7912:19:mbedtls_ssl_sig_hash_set_find	0	static
ssl_tls.c:7927:6:mbedtls_ssl_sig_hash_set_add	0	static
ssl_tls.c:7949:6:mbedtls_ssl_sig_hash_set_const_hash	0	static
ssl_tls.c:7962:19:mbedtls_ssl_md_alg_from_hash	0	static
ssl_tls.c:7994:15:mbedtls_ssl_hash_from_md_alg	0	static
ssl_tls.c:8028:5:mbedtls_ssl_check_curve	0	static
ssl_tls.c:8048:5:mbedtls_ssl_check_sig_hash	0	static
ssl_tls.c:8065:5:mbedtls_ssl_check_cert_usage	24	static
ssl_tls.c:4368:5:mbedtls_ssl_parse_certificate	48	static
ssl_tls.c:8164:6:mbedtls_ssl_write_version	0	static
ssl_tls.c:8186:6:mbedtls_ssl_read_version	0	static
ssl_tls.c:8208:5:mbedtls_ssl_set_calc_verify_md	0	static
ssl_tls.c:8338:5:mbedtls_ssl_get_key_exchange_md_tls1_2	48	static
