MY_NRF24.c:59:6:NRF24_csn.part.0	0	static
MY_NRF24.c:65:6:NRF24_ce.part.1	0	static
MY_NRF24.c:49:6:NRF24_DelayMicroSeconds	0	static
MY_NRF24.c:59:6:NRF24_csn	0	static
MY_NRF24.c:65:6:NRF24_ce	0	static
MY_NRF24.c:71:9:NRF24_read_register	16	static
MY_NRF24.c:88:6:NRF24_read_registerN	24	static
MY_NRF24.c:103:6:NRF24_write_register	24	static
MY_NRF24.c:116:6:NRF24_write_registerN	24	static
MY_NRF24.c:129:6:NRF24_write_payload	24	static
MY_NRF24.c:142:6:NRF24_read_payload	24	static
MY_NRF24.c:156:6:NRF24_flush_tx	0	static
MY_NRF24.c:161:6:NRF24_flush_rx	0	static
MY_NRF24.c:166:9:NRF24_get_status	0	static
MY_NRF24.c:247:6:NRF24_startListening	8	static
MY_NRF24.c:264:6:NRF24_stopListening	8	static
MY_NRF24.c:321:6:NRF24_openWritingPipe	16	static
MY_NRF24.c:330:6:NRF24_openReadingPipe	16	static
MY_NRF24.c:354:6:NRF24_setRetries	0	static
MY_NRF24.c:360:6:NRF24_setChannel	0	static
MY_NRF24.c:366:6:NRF24_setPayloadSize	0	static
MY_NRF24.c:372:9:NRF24_getPayloadSize	0	static
MY_NRF24.c:377:9:NRF24_getDynamicPayloadSize	0	static
MY_NRF24.c:312:6:NRF24_read	8	static
MY_NRF24.c:409:6:NRF24_disableDynamicPayloads	8	static
MY_NRF24.c:417:6:NRF24_isNRF_Plus	0	static
MY_NRF24.c:422:6:NRF24_setAutoAck	0	static
MY_NRF24.c:430:6:NRF24_setAutoAckPipe	16	static
MY_NRF24.c:447:6:NRF24_setPALevel	8	static
MY_NRF24.c:478:15:NRF24_getPALevel	8	static
MY_NRF24.c:504:6:NRF24_setDataRate	16	static
MY_NRF24.c:549:17:NRF24_getDataRate	8	static
MY_NRF24.c:574:6:NRF24_setCRCLength	8	static
MY_NRF24.c:595:18:NRF24_getCRCLength	8	static
MY_NRF24.c:611:6:NRF24_disableCRC	8	static
MY_NRF24.c:617:6:NRF24_powerUp	8	static
MY_NRF24.c:622:6:NRF24_powerDown	8	static
MY_NRF24.c:627:6:NRF24_availablePipe	16	static
MY_NRF24.c:307:6:NRF24_available	0	static
MY_NRF24.c:651:6:NRF24_startWrite	16	static
MY_NRF24.c:666:6:NRF24_writeAckPayload	16	static
MY_NRF24.c:677:6:NRF24_isAckPayloadAvailable	0	static
MY_NRF24.c:684:6:NRF24_whatHappened	24	static
MY_NRF24.c:700:6:NRF24_testRPD	8	static
MY_NRF24.c:695:6:NRF24_testCarrier	0	static
MY_NRF24.c:706:6:NRF24_resetStatus	0	static
MY_NRF24.c:271:6:NRF24_write	24	static
MY_NRF24.c:712:6:NRF24_ACTIVATE_cmd	16	static
MY_NRF24.c:382:6:NRF24_enableAckPayload	8	static
MY_NRF24.c:395:6:NRF24_enableDynamicPayloads	8	static
MY_NRF24.c:723:9:NRF24_GetAckPayloadSize	0	static
MY_NRF24.c:728:6:printRadioSettings	136	static
MY_NRF24.c:174:6:NRF24_begin	24	static
MY_NRF24.c:855:6:printStatusReg	136	static
MY_NRF24.c:871:6:printConfigReg	120	static
MY_NRF24.c:889:6:nrf24_DebugUART_Init	8	static
MY_NRF24.c:894:6:printFIFOstatus	128	static
