ethernetif.c:196:14:low_level_output	24	static
ethernetif.c:53:6:MX_SPI1_Init	0	static
ethernetif.c:79:6:ENC_MSPInit	56	static
ethernetif.c:134:13:low_level_init	16	static
ethernetif.c:287:6:ethernetif_input	24	static
ethernetif.c:321:7:ethernetif_init	8	static
ethernetif.c:361:6:ethernetif_set_link	16	static
ethernetif.c:398:13:ethernetif_notify_conn_changed	0	static
ethernetif.c:383:6:ethernetif_update_config	8	static
ethernetif.c:408:6:ethernet_transmit	0	static
ethernetif.c:424:9:ENC_SPI_SendWithoutSelection	24	static
ethernetif.c:436:9:ENC_SPI_Send	32	static
ethernetif.c:460:6:ENC_SPI_SendBuf	24	static
ethernetif.c:490:6:ENC_SPI_Select	8	static
