nrf24l01.c:9:13:ce_reset	0	static
nrf24l01.c:5:13:ce_set	0	static
nrf24l01.c:66:12:nrf_send_command	40	dynamic
nrf24l01.c:141:6:nrf_packet_received_callback	16	static
nrf24l01.c:147:12:nrf_read_register	24	static
nrf24l01.c:156:12:nrf_write_register	24	static
nrf24l01.c:165:12:nrf_read_rx_payload	16	dynamic
nrf24l01.c:174:12:nrf_write_tx_payload	16	dynamic
nrf24l01.c:183:12:nrf_write_tx_payload_noack	16	dynamic
nrf24l01.c:192:12:nrf_flush_tx	24	static
nrf24l01.c:201:12:nrf_flush_rx	24	static
nrf24l01.c:210:12:nrf_set_data_rate	24	static
nrf24l01.c:233:12:nrf_set_tx_power	24	static
nrf24l01.c:247:12:nrf_set_ccw	24	static
nrf24l01.c:265:12:nrf_clear_interrupts	24	static
nrf24l01.c:279:12:nrf_set_rf_channel	24	static
nrf24l01.c:293:12:nrf_set_retransmittion_count	24	static
nrf24l01.c:310:12:nrf_set_retransmittion_delay	24	static
nrf24l01.c:327:12:nrf_set_address_width	24	static
nrf24l01.c:343:12:nrf_set_rx_pipes	16	static
nrf24l01.c:350:12:nrf_enable_auto_ack	24	static
nrf24l01.c:362:12:nrf_enable_crc	24	static
nrf24l01.c:380:12:nrf_set_crc_width	24	static
nrf24l01.c:399:12:nrf_power_up	24	static
nrf24l01.c:417:12:nrf_rx_tx_control	24	static
nrf24l01.c:92:6:nrf_irq_handler	24	static
nrf24l01.c:435:12:nrf_enable_rx_data_ready_irq	24	static
nrf24l01.c:453:12:nrf_enable_tx_data_sent_irq	24	static
nrf24l01.c:469:12:nrf_enable_max_retransmit_irq	24	static
nrf24l01.c:485:12:nrf_set_rx_address_p0	32	static
nrf24l01.c:495:12:nrf_set_rx_address_p1	32	static
nrf24l01.c:505:12:nrf_set_tx_address	32	static
nrf24l01.c:515:12:nrf_set_rx_payload_width_p0	16	static
nrf24l01.c:525:12:nrf_set_rx_payload_width_p1	16	static
nrf24l01.c:22:12:nrf_init	24	static
nrf24l01.c:535:12:nrf_send_packet	16	static
nrf24l01.c:549:12:nrf_send_packet_noack	16	static
nrf24l01.c:562:16:nrf_receive_packet	16	static
nrf24l01.c:575:12:nrf_push_packet	16	static
